Archive member included because of file (symbol)

c:/users/follower/downloads/dave-ide-4.4.2-64bit/dave-ide-4.4.2-64bit/eclipse/arm-gcc-49/bin/../lib/gcc/arm-none-eabi/4.9.3/armv6-m\libgcc.a(_udivsi3.o)
                              ./Startup/system_XMC1100.o (__aeabi_uidiv)
c:/users/follower/downloads/dave-ide-4.4.2-64bit/dave-ide-4.4.2-64bit/eclipse/arm-gcc-49/bin/../lib/gcc/arm-none-eabi/4.9.3/armv6-m\libgcc.a(_divsi3.o)
                              ./Libraries/XMCLib/src/xmc1_scu.o (__aeabi_idiv)
c:/users/follower/downloads/dave-ide-4.4.2-64bit/dave-ide-4.4.2-64bit/eclipse/arm-gcc-49/bin/../lib/gcc/arm-none-eabi/4.9.3/armv6-m\libgcc.a(_dvmd_tls.o)
                              c:/users/follower/downloads/dave-ide-4.4.2-64bit/dave-ide-4.4.2-64bit/eclipse/arm-gcc-49/bin/../lib/gcc/arm-none-eabi/4.9.3/armv6-m\libgcc.a(_udivsi3.o) (__aeabi_idiv0)
c:/users/follower/downloads/dave-ide-4.4.2-64bit/dave-ide-4.4.2-64bit/eclipse/arm-gcc-49/bin/../lib/gcc/arm-none-eabi/4.9.3/../../../../arm-none-eabi/lib/armv6-m\libg_nano.a(lib_a-errno.o)
                              ./Libraries/Newlib/syscalls.o (__errno)
c:/users/follower/downloads/dave-ide-4.4.2-64bit/dave-ide-4.4.2-64bit/eclipse/arm-gcc-49/bin/../lib/gcc/arm-none-eabi/4.9.3/../../../../arm-none-eabi/lib/armv6-m\libg_nano.a(lib_a-impure.o)
                              c:/users/follower/downloads/dave-ide-4.4.2-64bit/dave-ide-4.4.2-64bit/eclipse/arm-gcc-49/bin/../lib/gcc/arm-none-eabi/4.9.3/../../../../arm-none-eabi/lib/armv6-m\libg_nano.a(lib_a-errno.o) (_impure_ptr)
c:/users/follower/downloads/dave-ide-4.4.2-64bit/dave-ide-4.4.2-64bit/eclipse/arm-gcc-49/bin/../lib/gcc/arm-none-eabi/4.9.3/../../../../arm-none-eabi/lib/armv6-m\libg_nano.a(lib_a-init.o)
                              ./Startup/startup_XMC1100.o (__libc_init_array)

Allocating common symbols
Common symbol       size              file

uartReceivedata     0x100             ./XMC1100-LibHaas.o
nextObjects         0x190             ./main.o
rs232Receivedata    0x100             ./XMC1100-LibHaas.o

Discarded input sections

 .text          0x00000000        0x0 ./Startup/startup_XMC1100.o
 .data          0x00000000        0x0 ./Startup/startup_XMC1100.o
 .bss           0x00000000        0x0 ./Startup/startup_XMC1100.o
 .text          0x00000000        0x0 ./Startup/system_XMC1100.o
 .data          0x00000000        0x0 ./Startup/system_XMC1100.o
 .bss           0x00000000        0x0 ./Startup/system_XMC1100.o
 .comment       0x00000000       0x71 ./Startup/system_XMC1100.o
 .text          0x00000000        0x0 ./Libraries/XMCLib/src/xmc1_eru.o
 .data          0x00000000        0x0 ./Libraries/XMCLib/src/xmc1_eru.o
 .bss           0x00000000        0x0 ./Libraries/XMCLib/src/xmc1_eru.o
 .text.XMC_ERU_Enable
                0x00000000       0x10 ./Libraries/XMCLib/src/xmc1_eru.o
 .text.XMC_ERU_Disable
                0x00000000       0x10 ./Libraries/XMCLib/src/xmc1_eru.o
 .debug_info    0x00000000      0x380 ./Libraries/XMCLib/src/xmc1_eru.o
 .debug_abbrev  0x00000000      0x119 ./Libraries/XMCLib/src/xmc1_eru.o
 .debug_loc     0x00000000       0x70 ./Libraries/XMCLib/src/xmc1_eru.o
 .debug_aranges
                0x00000000       0x28 ./Libraries/XMCLib/src/xmc1_eru.o
 .debug_ranges  0x00000000       0x18 ./Libraries/XMCLib/src/xmc1_eru.o
 .debug_line    0x00000000      0x1af ./Libraries/XMCLib/src/xmc1_eru.o
 .debug_str     0x00000000      0x258 ./Libraries/XMCLib/src/xmc1_eru.o
 .comment       0x00000000       0x71 ./Libraries/XMCLib/src/xmc1_eru.o
 .debug_frame   0x00000000       0x50 ./Libraries/XMCLib/src/xmc1_eru.o
 .ARM.attributes
                0x00000000       0x31 ./Libraries/XMCLib/src/xmc1_eru.o
 .text          0x00000000        0x0 ./Libraries/XMCLib/src/xmc1_flash.o
 .data          0x00000000        0x0 ./Libraries/XMCLib/src/xmc1_flash.o
 .bss           0x00000000        0x0 ./Libraries/XMCLib/src/xmc1_flash.o
 .text.XMC_FLASH_IsBusy
                0x00000000       0x1c ./Libraries/XMCLib/src/xmc1_flash.o
 .text.XMC_FLASH_ClearStatus
                0x00000000       0x20 ./Libraries/XMCLib/src/xmc1_flash.o
 .text.XMC_FLASH_GetStatus
                0x00000000       0x14 ./Libraries/XMCLib/src/xmc1_flash.o
 .text.XMC_FLASH_EnableEvent
                0x00000000       0x24 ./Libraries/XMCLib/src/xmc1_flash.o
 .text.XMC_FLASH_DisableEvent
                0x00000000       0x28 ./Libraries/XMCLib/src/xmc1_flash.o
 .text.XMC_FLASH_ErasePage
                0x00000000       0x1c ./Libraries/XMCLib/src/xmc1_flash.o
 .text.XMC_FLASH_ProgramVerifyPage
                0x00000000       0x20 ./Libraries/XMCLib/src/xmc1_flash.o
 .text.XMC_FLASH_WriteBlocks
                0x00000000       0xbc ./Libraries/XMCLib/src/xmc1_flash.o
 .text.XMC_FLASH_ErasePages
                0x00000000       0x44 ./Libraries/XMCLib/src/xmc1_flash.o
 .text.XMC_FLASH_VerifyBlocks
                0x00000000       0x90 ./Libraries/XMCLib/src/xmc1_flash.o
 .text.XMC_FLASH_ReadBlocks
                0x00000000       0x4c ./Libraries/XMCLib/src/xmc1_flash.o
 .text.XMC_FLASH_EraseSector
                0x00000000       0x18 ./Libraries/XMCLib/src/xmc1_flash.o
 .text.XMC_FLASH_ProgramPage
                0x00000000       0x1c ./Libraries/XMCLib/src/xmc1_flash.o
 .debug_info    0x00000000      0x51c ./Libraries/XMCLib/src/xmc1_flash.o
 .debug_abbrev  0x00000000      0x157 ./Libraries/XMCLib/src/xmc1_flash.o
 .debug_loc     0x00000000      0x2b4 ./Libraries/XMCLib/src/xmc1_flash.o
 .debug_aranges
                0x00000000       0x80 ./Libraries/XMCLib/src/xmc1_flash.o
 .debug_ranges  0x00000000       0x70 ./Libraries/XMCLib/src/xmc1_flash.o
 .debug_line    0x00000000      0x3dd ./Libraries/XMCLib/src/xmc1_flash.o
 .debug_str     0x00000000      0x60a ./Libraries/XMCLib/src/xmc1_flash.o
 .comment       0x00000000       0x71 ./Libraries/XMCLib/src/xmc1_flash.o
 .debug_frame   0x00000000      0x1a4 ./Libraries/XMCLib/src/xmc1_flash.o
 .ARM.attributes
                0x00000000       0x31 ./Libraries/XMCLib/src/xmc1_flash.o
 .text          0x00000000        0x0 ./Libraries/XMCLib/src/xmc1_gpio.o
 .data          0x00000000        0x0 ./Libraries/XMCLib/src/xmc1_gpio.o
 .bss           0x00000000        0x0 ./Libraries/XMCLib/src/xmc1_gpio.o
 .text.XMC_GPIO_Init
                0x00000000      0x17c ./Libraries/XMCLib/src/xmc1_gpio.o
 .text.XMC_GPIO_SetInputHysteresis
                0x00000000       0x94 ./Libraries/XMCLib/src/xmc1_gpio.o
 .debug_info    0x00000000      0x410 ./Libraries/XMCLib/src/xmc1_gpio.o
 .debug_abbrev  0x00000000       0xdf ./Libraries/XMCLib/src/xmc1_gpio.o
 .debug_loc     0x00000000       0x70 ./Libraries/XMCLib/src/xmc1_gpio.o
 .debug_aranges
                0x00000000       0x28 ./Libraries/XMCLib/src/xmc1_gpio.o
 .debug_ranges  0x00000000       0x18 ./Libraries/XMCLib/src/xmc1_gpio.o
 .debug_line    0x00000000      0x1d4 ./Libraries/XMCLib/src/xmc1_gpio.o
 .debug_str     0x00000000      0x7a0 ./Libraries/XMCLib/src/xmc1_gpio.o
 .comment       0x00000000       0x71 ./Libraries/XMCLib/src/xmc1_gpio.o
 .debug_frame   0x00000000       0x58 ./Libraries/XMCLib/src/xmc1_gpio.o
 .ARM.attributes
                0x00000000       0x31 ./Libraries/XMCLib/src/xmc1_gpio.o
 .text          0x00000000        0x0 ./Libraries/XMCLib/src/xmc1_rtc.o
 .data          0x00000000        0x0 ./Libraries/XMCLib/src/xmc1_rtc.o
 .bss           0x00000000        0x0 ./Libraries/XMCLib/src/xmc1_rtc.o
 .text.XMC_RTC_IsRunning
                0x00000000       0x1c ./Libraries/XMCLib/src/xmc1_rtc.o
 .text.XMC_SCU_GetMirrorStatus
                0x00000000       0x14 ./Libraries/XMCLib/src/xmc1_rtc.o
 .text.XMC_RTC_Init
                0x00000000       0x84 ./Libraries/XMCLib/src/xmc1_rtc.o
 .text.XMC_RTC_Enable
                0x00000000       0x14 ./Libraries/XMCLib/src/xmc1_rtc.o
 .text.XMC_RTC_Disable
                0x00000000       0x14 ./Libraries/XMCLib/src/xmc1_rtc.o
 .text.XMC_RTC_SetDebugMode
                0x00000000       0x2c ./Libraries/XMCLib/src/xmc1_rtc.o
 .text.XMC_RTC_EnableEvent
                0x00000000       0x20 ./Libraries/XMCLib/src/xmc1_rtc.o
 .text.XMC_RTC_DisableEvent
                0x00000000       0x20 ./Libraries/XMCLib/src/xmc1_rtc.o
 .text.XMC_RTC_ClearEvent
                0x00000000       0x18 ./Libraries/XMCLib/src/xmc1_rtc.o
 .text.XMC_RTC_IsEnabled
                0x00000000       0x2c ./Libraries/XMCLib/src/xmc1_rtc.o
 .debug_info    0x00000000      0x698 ./Libraries/XMCLib/src/xmc1_rtc.o
 .debug_abbrev  0x00000000      0x1da ./Libraries/XMCLib/src/xmc1_rtc.o
 .debug_loc     0x00000000      0x1f4 ./Libraries/XMCLib/src/xmc1_rtc.o
 .debug_aranges
                0x00000000       0x68 ./Libraries/XMCLib/src/xmc1_rtc.o
 .debug_ranges  0x00000000       0x58 ./Libraries/XMCLib/src/xmc1_rtc.o
 .debug_line    0x00000000      0x30c ./Libraries/XMCLib/src/xmc1_rtc.o
 .debug_str     0x00000000      0x570 ./Libraries/XMCLib/src/xmc1_rtc.o
 .comment       0x00000000       0x71 ./Libraries/XMCLib/src/xmc1_rtc.o
 .debug_frame   0x00000000      0x13c ./Libraries/XMCLib/src/xmc1_rtc.o
 .ARM.attributes
                0x00000000       0x31 ./Libraries/XMCLib/src/xmc1_rtc.o
 .text          0x00000000        0x0 ./Libraries/XMCLib/src/xmc1_scu.o
 .data          0x00000000        0x0 ./Libraries/XMCLib/src/xmc1_scu.o
 .bss           0x00000000        0x0 ./Libraries/XMCLib/src/xmc1_scu.o
 .bss.event_handler_list
                0x00000000       0x80 ./Libraries/XMCLib/src/xmc1_scu.o
 .data.event_masks
                0x00000000        0xc ./Libraries/XMCLib/src/xmc1_scu.o
 .text.XMC_SCU_CalcTSEVAR
                0x00000000       0x54 ./Libraries/XMCLib/src/xmc1_scu.o
 .text.XMC_SCU_INTERRUPT_EnableEvent
                0x00000000       0x20 ./Libraries/XMCLib/src/xmc1_scu.o
 .text.XMC_SCU_INTERRUPT_DisableEvent
                0x00000000       0x20 ./Libraries/XMCLib/src/xmc1_scu.o
 .text.XMC_SCU_INTERRUPT_TriggerEvent
                0x00000000       0x20 ./Libraries/XMCLib/src/xmc1_scu.o
 .text.XMC_SCU_INTERUPT_GetEventStatus
                0x00000000       0x1c ./Libraries/XMCLib/src/xmc1_scu.o
 .text.XMC_SCU_INTERRUPT_ClearEventStatus
                0x00000000       0x20 ./Libraries/XMCLib/src/xmc1_scu.o
 .text.XMC_SCU_LockProtectedBits
                0x00000000       0x14 ./Libraries/XMCLib/src/xmc1_scu.o
 .text.XMC_SCU_UnlockProtectedBits
                0x00000000       0x20 ./Libraries/XMCLib/src/xmc1_scu.o
 .text.XMC_SCU_SupplyMonitorInit
                0x00000000       0x8c ./Libraries/XMCLib/src/xmc1_scu.o
 .text.XMC_SCU_SetTempLowLimit
                0x00000000       0x48 ./Libraries/XMCLib/src/xmc1_scu.o
 .text.XMC_SCU_SetTempHighLimit
                0x00000000       0x48 ./Libraries/XMCLib/src/xmc1_scu.o
 .text.XMC_SCU_SetRawTempLimits
                0x00000000       0x24 ./Libraries/XMCLib/src/xmc1_scu.o
 .text.XMC_SCU_StartTempMeasurement
                0x00000000       0x1c ./Libraries/XMCLib/src/xmc1_scu.o
 .text.XMC_SCU_StopTempMeasurement
                0x00000000       0x1c ./Libraries/XMCLib/src/xmc1_scu.o
 .text.XMC_SCU_HighTemperature
                0x00000000       0x20 ./Libraries/XMCLib/src/xmc1_scu.o
 .text.XMC_SCU_LowTemperature
                0x00000000       0x18 ./Libraries/XMCLib/src/xmc1_scu.o
 .text.XMC_SCU_GetTemperature
                0x00000000       0x20 ./Libraries/XMCLib/src/xmc1_scu.o
 .text.XMC_SCU_CalcTemperature
                0x00000000       0x14 ./Libraries/XMCLib/src/xmc1_scu.o
 .text.XMC_SCU_CLOCK_Init
                0x00000000       0x48 ./Libraries/XMCLib/src/xmc1_scu.o
 .text.XMC_SCU_CLOCK_SetRtcClockSource
                0x00000000       0x30 ./Libraries/XMCLib/src/xmc1_scu.o
 .text.XMC_SCU_CLOCK_SetFastPeripheralClockSource
                0x00000000       0x30 ./Libraries/XMCLib/src/xmc1_scu.o
 .text.XMC_SCU_CLOCK_GatePeripheralClock
                0x00000000       0x2c ./Libraries/XMCLib/src/xmc1_scu.o
 .text.XMC_SCU_CLOCK_UngatePeripheralClock
                0x00000000       0x3c ./Libraries/XMCLib/src/xmc1_scu.o
 .text.XMC_SCU_CLOCK_IsPeripheralClockGated
                0x00000000       0x28 ./Libraries/XMCLib/src/xmc1_scu.o
 .text.XMC_SCU_CLOCK_SetMCLKFrequency
                0x00000000       0x48 ./Libraries/XMCLib/src/xmc1_scu.o
 .text.XMC_SCU_CLOCK_ScaleMCLKFrequency
                0x00000000       0xa4 ./Libraries/XMCLib/src/xmc1_scu.o
 .text.XMC_SCU_CLOCK_lFrequencyUpScaling
                0x00000000       0x54 ./Libraries/XMCLib/src/xmc1_scu.o
 .text.XMC_SCU_CLOCK_lFrequencyDownScaling
                0x00000000       0x5c ./Libraries/XMCLib/src/xmc1_scu.o
 .text.XMC_SCU_CLOCK_GetPeripheralClockFrequency
                0x00000000       0x14 ./Libraries/XMCLib/src/xmc1_scu.o
 .text.XMC_SCU_CLOCK_GetFastPeripheralClockFrequency
                0x00000000       0x28 ./Libraries/XMCLib/src/xmc1_scu.o
 .text.XMC_SCU_CLOCK_CalibrateOscillatorOnTemperature
                0x00000000       0x7c ./Libraries/XMCLib/src/xmc1_scu.o
 .text.XMC_SCU_INTERRUPT_SetEventHandler
                0x00000000       0x60 ./Libraries/XMCLib/src/xmc1_scu.o
 .text.XMC_SCU_IRQHandler
                0x00000000       0x7c ./Libraries/XMCLib/src/xmc1_scu.o
 .text.XMC_SCU_SetBMI
                0x00000000       0x3c ./Libraries/XMCLib/src/xmc1_scu.o
 .debug_info    0x00000000      0xcfd ./Libraries/XMCLib/src/xmc1_scu.o
 .debug_abbrev  0x00000000      0x22c ./Libraries/XMCLib/src/xmc1_scu.o
 .debug_loc     0x00000000      0x704 ./Libraries/XMCLib/src/xmc1_scu.o
 .debug_aranges
                0x00000000      0x128 ./Libraries/XMCLib/src/xmc1_scu.o
 .debug_ranges  0x00000000      0x118 ./Libraries/XMCLib/src/xmc1_scu.o
 .debug_line    0x00000000      0x534 ./Libraries/XMCLib/src/xmc1_scu.o
 .debug_str     0x00000000      0xba3 ./Libraries/XMCLib/src/xmc1_scu.o
 .comment       0x00000000       0x71 ./Libraries/XMCLib/src/xmc1_scu.o
 .debug_frame   0x00000000      0x42c ./Libraries/XMCLib/src/xmc1_scu.o
 .ARM.attributes
                0x00000000       0x31 ./Libraries/XMCLib/src/xmc1_scu.o
 .text          0x00000000        0x0 ./Libraries/XMCLib/src/xmc_acmp.o
 .data          0x00000000        0x0 ./Libraries/XMCLib/src/xmc_acmp.o
 .bss           0x00000000        0x0 ./Libraries/XMCLib/src/xmc_acmp.o
 .debug_info    0x00000000       0x72 ./Libraries/XMCLib/src/xmc_acmp.o
 .debug_abbrev  0x00000000       0x26 ./Libraries/XMCLib/src/xmc_acmp.o
 .debug_aranges
                0x00000000       0x18 ./Libraries/XMCLib/src/xmc_acmp.o
 .debug_line    0x00000000       0x1d ./Libraries/XMCLib/src/xmc_acmp.o
 .debug_str     0x00000000      0x193 ./Libraries/XMCLib/src/xmc_acmp.o
 .comment       0x00000000       0x71 ./Libraries/XMCLib/src/xmc_acmp.o
 .ARM.attributes
                0x00000000       0x31 ./Libraries/XMCLib/src/xmc_acmp.o
 .text          0x00000000        0x0 ./Libraries/XMCLib/src/xmc_bccu.o
 .data          0x00000000        0x0 ./Libraries/XMCLib/src/xmc_bccu.o
 .bss           0x00000000        0x0 ./Libraries/XMCLib/src/xmc_bccu.o
 .debug_info    0x00000000       0x72 ./Libraries/XMCLib/src/xmc_bccu.o
 .debug_abbrev  0x00000000       0x26 ./Libraries/XMCLib/src/xmc_bccu.o
 .debug_aranges
                0x00000000       0x18 ./Libraries/XMCLib/src/xmc_bccu.o
 .debug_line    0x00000000       0x1d ./Libraries/XMCLib/src/xmc_bccu.o
 .debug_str     0x00000000      0x193 ./Libraries/XMCLib/src/xmc_bccu.o
 .comment       0x00000000       0x71 ./Libraries/XMCLib/src/xmc_bccu.o
 .ARM.attributes
                0x00000000       0x31 ./Libraries/XMCLib/src/xmc_bccu.o
 .text          0x00000000        0x0 ./Libraries/XMCLib/src/xmc_can.o
 .data          0x00000000        0x0 ./Libraries/XMCLib/src/xmc_can.o
 .bss           0x00000000        0x0 ./Libraries/XMCLib/src/xmc_can.o
 .debug_info    0x00000000       0x72 ./Libraries/XMCLib/src/xmc_can.o
 .debug_abbrev  0x00000000       0x26 ./Libraries/XMCLib/src/xmc_can.o
 .debug_aranges
                0x00000000       0x18 ./Libraries/XMCLib/src/xmc_can.o
 .debug_line    0x00000000       0x1d ./Libraries/XMCLib/src/xmc_can.o
 .debug_str     0x00000000      0x192 ./Libraries/XMCLib/src/xmc_can.o
 .comment       0x00000000       0x71 ./Libraries/XMCLib/src/xmc_can.o
 .ARM.attributes
                0x00000000       0x31 ./Libraries/XMCLib/src/xmc_can.o
 .text          0x00000000        0x0 ./Libraries/XMCLib/src/xmc_ccu4.o
 .data          0x00000000        0x0 ./Libraries/XMCLib/src/xmc_ccu4.o
 .bss           0x00000000        0x0 ./Libraries/XMCLib/src/xmc_ccu4.o
 .text.XMC_CCU4_StartPrescaler
                0x00000000       0x1c ./Libraries/XMCLib/src/xmc_ccu4.o
 .text.XMC_CCU4_SLICE_SetDitherCompareValue
                0x00000000       0x1c ./Libraries/XMCLib/src/xmc_ccu4.o
 .text.XMC_CCU4_lGateClock
                0x00000000       0x20 ./Libraries/XMCLib/src/xmc_ccu4.o
 .text.XMC_CCU4_lUngateClock
                0x00000000       0x20 ./Libraries/XMCLib/src/xmc_ccu4.o
 .text.XMC_CCU4_EnableModule
                0x00000000       0x18 ./Libraries/XMCLib/src/xmc_ccu4.o
 .text.XMC_CCU4_DisableModule
                0x00000000       0x18 ./Libraries/XMCLib/src/xmc_ccu4.o
 .text.XMC_CCU4_Init
                0x00000000       0x48 ./Libraries/XMCLib/src/xmc_ccu4.o
 .text.XMC_CCU4_SetModuleClock
                0x00000000       0x34 ./Libraries/XMCLib/src/xmc_ccu4.o
 .text.XMC_CCU4_SetMultiChannelShadowTransferMode
                0x00000000       0x34 ./Libraries/XMCLib/src/xmc_ccu4.o
 .text.XMC_CCU4_SLICE_CompareInit
                0x00000000       0x68 ./Libraries/XMCLib/src/xmc_ccu4.o
 .text.XMC_CCU4_SLICE_CaptureInit
                0x00000000       0x48 ./Libraries/XMCLib/src/xmc_ccu4.o
 .text.XMC_CCU4_SLICE_StartConfig
                0x00000000       0x68 ./Libraries/XMCLib/src/xmc_ccu4.o
 .text.XMC_CCU4_SLICE_StopConfig
                0x00000000       0x64 ./Libraries/XMCLib/src/xmc_ccu4.o
 .text.XMC_CCU4_SLICE_LoadConfig
                0x00000000       0x38 ./Libraries/XMCLib/src/xmc_ccu4.o
 .text.XMC_CCU4_SLICE_ModulationConfig
                0x00000000       0x98 ./Libraries/XMCLib/src/xmc_ccu4.o
 .text.XMC_CCU4_SLICE_CountConfig
                0x00000000       0x38 ./Libraries/XMCLib/src/xmc_ccu4.o
 .text.XMC_CCU4_SLICE_GateConfig
                0x00000000       0x38 ./Libraries/XMCLib/src/xmc_ccu4.o
 .text.XMC_CCU4_SLICE_Capture0Config
                0x00000000       0x34 ./Libraries/XMCLib/src/xmc_ccu4.o
 .text.XMC_CCU4_SLICE_Capture1Config
                0x00000000       0x34 ./Libraries/XMCLib/src/xmc_ccu4.o
 .text.XMC_CCU4_SLICE_DirectionConfig
                0x00000000       0x38 ./Libraries/XMCLib/src/xmc_ccu4.o
 .text.XMC_CCU4_SLICE_StatusBitOverrideConfig
                0x00000000       0x30 ./Libraries/XMCLib/src/xmc_ccu4.o
 .text.XMC_CCU4_SLICE_TrapConfig
                0x00000000       0x8c ./Libraries/XMCLib/src/xmc_ccu4.o
 .text.XMC_CCU4_SLICE_ConfigureStatusBitOverrideEvent
                0x00000000       0xdc ./Libraries/XMCLib/src/xmc_ccu4.o
 .text.XMC_CCU4_SLICE_ConfigureEvent
                0x00000000      0x11c ./Libraries/XMCLib/src/xmc_ccu4.o
 .text.XMC_CCU4_SLICE_SetInput
                0x00000000       0x6c ./Libraries/XMCLib/src/xmc_ccu4.o
 .text.XMC_CCU4_SLICE_SetTimerRepeatMode
                0x00000000       0x38 ./Libraries/XMCLib/src/xmc_ccu4.o
 .text.XMC_CCU4_SLICE_SetTimerCountingMode
                0x00000000       0x38 ./Libraries/XMCLib/src/xmc_ccu4.o
 .text.XMC_CCU4_SLICE_GetCaptureRegisterValue
                0x00000000       0x24 ./Libraries/XMCLib/src/xmc_ccu4.o
 .text.XMC_CCU4_SLICE_GetLastCapturedTimerValue
                0x00000000       0xd4 ./Libraries/XMCLib/src/xmc_ccu4.o
 .text.XMC_CCU4_SLICE_GetCapturedValueFromFifo
                0x00000000       0x34 ./Libraries/XMCLib/src/xmc_ccu4.o
 .text.XMC_CCU4_SLICE_EnableDithering
                0x00000000       0x70 ./Libraries/XMCLib/src/xmc_ccu4.o
 .text.XMC_CCU4_SLICE_SetPrescaler
                0x00000000       0x40 ./Libraries/XMCLib/src/xmc_ccu4.o
 .text.XMC_CCU4_SLICE_SetInterruptNode
                0x00000000       0x98 ./Libraries/XMCLib/src/xmc_ccu4.o
 .rodata.XMC_CCU4_SLICE_SetInterruptNode
                0x00000000       0x28 ./Libraries/XMCLib/src/xmc_ccu4.o
 .text.XMC_CCU4_SLICE_SetPassiveLevel
                0x00000000       0x34 ./Libraries/XMCLib/src/xmc_ccu4.o
 .debug_info    0x00000000     0x1490 ./Libraries/XMCLib/src/xmc_ccu4.o
 .debug_abbrev  0x00000000      0x1eb ./Libraries/XMCLib/src/xmc_ccu4.o
 .debug_loc     0x00000000      0x770 ./Libraries/XMCLib/src/xmc_ccu4.o
 .debug_aranges
                0x00000000      0x128 ./Libraries/XMCLib/src/xmc_ccu4.o
 .debug_ranges  0x00000000      0x118 ./Libraries/XMCLib/src/xmc_ccu4.o
 .debug_line    0x00000000      0x58c ./Libraries/XMCLib/src/xmc_ccu4.o
 .debug_str     0x00000000     0x179c ./Libraries/XMCLib/src/xmc_ccu4.o
 .comment       0x00000000       0x71 ./Libraries/XMCLib/src/xmc_ccu4.o
 .debug_frame   0x00000000      0x458 ./Libraries/XMCLib/src/xmc_ccu4.o
 .ARM.attributes
                0x00000000       0x31 ./Libraries/XMCLib/src/xmc_ccu4.o
 .text          0x00000000        0x0 ./Libraries/XMCLib/src/xmc_ccu8.o
 .data          0x00000000        0x0 ./Libraries/XMCLib/src/xmc_ccu8.o
 .bss           0x00000000        0x0 ./Libraries/XMCLib/src/xmc_ccu8.o
 .debug_info    0x00000000       0x72 ./Libraries/XMCLib/src/xmc_ccu8.o
 .debug_abbrev  0x00000000       0x26 ./Libraries/XMCLib/src/xmc_ccu8.o
 .debug_aranges
                0x00000000       0x18 ./Libraries/XMCLib/src/xmc_ccu8.o
 .debug_line    0x00000000       0x1d ./Libraries/XMCLib/src/xmc_ccu8.o
 .debug_str     0x00000000      0x193 ./Libraries/XMCLib/src/xmc_ccu8.o
 .comment       0x00000000       0x71 ./Libraries/XMCLib/src/xmc_ccu8.o
 .ARM.attributes
                0x00000000       0x31 ./Libraries/XMCLib/src/xmc_ccu8.o
 .text          0x00000000        0x0 ./Libraries/XMCLib/src/xmc_common.o
 .data          0x00000000        0x0 ./Libraries/XMCLib/src/xmc_common.o
 .bss           0x00000000        0x0 ./Libraries/XMCLib/src/xmc_common.o
 .text.XMC_PRIOARRAY_GetHead
                0x00000000       0x28 ./Libraries/XMCLib/src/xmc_common.o
 .text.XMC_PRIOARRAY_GetItemPriority
                0x00000000       0x24 ./Libraries/XMCLib/src/xmc_common.o
 .text.XMC_PRIOARRAY_GetItemNext
                0x00000000       0x24 ./Libraries/XMCLib/src/xmc_common.o
 .text.XMC_LIST_Init
                0x00000000       0x14 ./Libraries/XMCLib/src/xmc_common.o
 .text.XMC_LIST_GetHead
                0x00000000       0x14 ./Libraries/XMCLib/src/xmc_common.o
 .text.XMC_LIST_GetTail
                0x00000000       0x38 ./Libraries/XMCLib/src/xmc_common.o
 .text.XMC_LIST_Add
                0x00000000       0x38 ./Libraries/XMCLib/src/xmc_common.o
 .text.XMC_LIST_Remove
                0x00000000       0x5c ./Libraries/XMCLib/src/xmc_common.o
 .text.XMC_LIST_Insert
                0x00000000       0x38 ./Libraries/XMCLib/src/xmc_common.o
 .text.XMC_PRIOARRAY_Init
                0x00000000       0xb0 ./Libraries/XMCLib/src/xmc_common.o
 .text.XMC_PRIOARRAY_Add
                0x00000000       0xbc ./Libraries/XMCLib/src/xmc_common.o
 .text.XMC_PRIOARRAY_Remove
                0x00000000       0x60 ./Libraries/XMCLib/src/xmc_common.o
 .debug_info    0x00000000      0x439 ./Libraries/XMCLib/src/xmc_common.o
 .debug_abbrev  0x00000000      0x116 ./Libraries/XMCLib/src/xmc_common.o
 .debug_loc     0x00000000      0x2a0 ./Libraries/XMCLib/src/xmc_common.o
 .debug_aranges
                0x00000000       0x78 ./Libraries/XMCLib/src/xmc_common.o
 .debug_ranges  0x00000000       0x68 ./Libraries/XMCLib/src/xmc_common.o
 .debug_line    0x00000000      0x2c3 ./Libraries/XMCLib/src/xmc_common.o
 .debug_str     0x00000000      0x336 ./Libraries/XMCLib/src/xmc_common.o
 .comment       0x00000000       0x71 ./Libraries/XMCLib/src/xmc_common.o
 .debug_frame   0x00000000      0x190 ./Libraries/XMCLib/src/xmc_common.o
 .ARM.attributes
                0x00000000       0x31 ./Libraries/XMCLib/src/xmc_common.o
 .text          0x00000000        0x0 ./Libraries/XMCLib/src/xmc_eru.o
 .data          0x00000000        0x0 ./Libraries/XMCLib/src/xmc_eru.o
 .bss           0x00000000        0x0 ./Libraries/XMCLib/src/xmc_eru.o
 .text.XMC_ERU_ETL_Init
                0x00000000       0x5c ./Libraries/XMCLib/src/xmc_eru.o
 .text.XMC_ERU_OGU_Init
                0x00000000       0x34 ./Libraries/XMCLib/src/xmc_eru.o
 .text.XMC_ERU_ETL_SetInput
                0x00000000       0x54 ./Libraries/XMCLib/src/xmc_eru.o
 .text.XMC_ERU_ETL_SetSource
                0x00000000       0x48 ./Libraries/XMCLib/src/xmc_eru.o
 .text.XMC_ERU_ETL_SetEdgeDetection
                0x00000000       0x44 ./Libraries/XMCLib/src/xmc_eru.o
 .text.XMC_ERU_ETL_GetEdgeDetection
                0x00000000       0x2c ./Libraries/XMCLib/src/xmc_eru.o
 .text.XMC_ERU_ETL_SetStatusFlagMode
                0x00000000       0x44 ./Libraries/XMCLib/src/xmc_eru.o
 .text.XMC_ERU_ETL_EnableOutputTrigger
                0x00000000       0x54 ./Libraries/XMCLib/src/xmc_eru.o
 .text.XMC_ERU_ETL_DisableOutputTrigger
                0x00000000       0x28 ./Libraries/XMCLib/src/xmc_eru.o
 .text.XMC_ERU_OGU_EnablePatternDetection
                0x00000000       0x58 ./Libraries/XMCLib/src/xmc_eru.o
 .text.XMC_ERU_OGU_DisablePatternDetection
                0x00000000       0x28 ./Libraries/XMCLib/src/xmc_eru.o
 .text.XMC_ERU_OGU_EnablePeripheralTrigger
                0x00000000       0x40 ./Libraries/XMCLib/src/xmc_eru.o
 .text.XMC_ERU_OGU_DisablePeripheralTrigger
                0x00000000       0x28 ./Libraries/XMCLib/src/xmc_eru.o
 .text.XMC_ERU_OGU_SetServiceRequestMode
                0x00000000       0x44 ./Libraries/XMCLib/src/xmc_eru.o
 .debug_info    0x00000000      0xa86 ./Libraries/XMCLib/src/xmc_eru.o
 .debug_abbrev  0x00000000      0x1d7 ./Libraries/XMCLib/src/xmc_eru.o
 .debug_loc     0x00000000      0x310 ./Libraries/XMCLib/src/xmc_eru.o
 .debug_aranges
                0x00000000       0x88 ./Libraries/XMCLib/src/xmc_eru.o
 .debug_ranges  0x00000000       0x78 ./Libraries/XMCLib/src/xmc_eru.o
 .debug_line    0x00000000      0x29d ./Libraries/XMCLib/src/xmc_eru.o
 .debug_str     0x00000000      0xc16 ./Libraries/XMCLib/src/xmc_eru.o
 .comment       0x00000000       0x71 ./Libraries/XMCLib/src/xmc_eru.o
 .debug_frame   0x00000000      0x1f0 ./Libraries/XMCLib/src/xmc_eru.o
 .ARM.attributes
                0x00000000       0x31 ./Libraries/XMCLib/src/xmc_eru.o
 .text          0x00000000        0x0 ./Libraries/XMCLib/src/xmc_gpio.o
 .data          0x00000000        0x0 ./Libraries/XMCLib/src/xmc_gpio.o
 .bss           0x00000000        0x0 ./Libraries/XMCLib/src/xmc_gpio.o
 .text.XMC_GPIO_SetMode
                0x00000000       0x90 ./Libraries/XMCLib/src/xmc_gpio.o
 .text.XMC_GPIO_SetHardwareControl
                0x00000000       0x4c ./Libraries/XMCLib/src/xmc_gpio.o
 .debug_info    0x00000000      0x3a3 ./Libraries/XMCLib/src/xmc_gpio.o
 .debug_abbrev  0x00000000       0xdf ./Libraries/XMCLib/src/xmc_gpio.o
 .debug_loc     0x00000000       0x70 ./Libraries/XMCLib/src/xmc_gpio.o
 .debug_aranges
                0x00000000       0x28 ./Libraries/XMCLib/src/xmc_gpio.o
 .debug_ranges  0x00000000       0x18 ./Libraries/XMCLib/src/xmc_gpio.o
 .debug_line    0x00000000      0x1c7 ./Libraries/XMCLib/src/xmc_gpio.o
 .debug_str     0x00000000      0x6ee ./Libraries/XMCLib/src/xmc_gpio.o
 .comment       0x00000000       0x71 ./Libraries/XMCLib/src/xmc_gpio.o
 .debug_frame   0x00000000       0x54 ./Libraries/XMCLib/src/xmc_gpio.o
 .ARM.attributes
                0x00000000       0x31 ./Libraries/XMCLib/src/xmc_gpio.o
 .text          0x00000000        0x0 ./Libraries/XMCLib/src/xmc_i2c.o
 .data          0x00000000        0x0 ./Libraries/XMCLib/src/xmc_i2c.o
 .bss           0x00000000        0x0 ./Libraries/XMCLib/src/xmc_i2c.o
 .text.XMC_USIC_CH_GetTransmitBufferStatus
                0x00000000       0x1c ./Libraries/XMCLib/src/xmc_i2c.o
 .text.XMC_USIC_CH_SetMode
                0x00000000       0x28 ./Libraries/XMCLib/src/xmc_i2c.o
 .text.XMC_I2C_CH_ClearStatusFlag
                0x00000000       0x1c ./Libraries/XMCLib/src/xmc_i2c.o
 .text.XMC_I2C_CH_Init
                0x00000000       0x54 ./Libraries/XMCLib/src/xmc_i2c.o
 .text.XMC_I2C_CH_SetSlaveAddress
                0x00000000       0x50 ./Libraries/XMCLib/src/xmc_i2c.o
 .text.XMC_I2C_CH_GetSlaveAddress
                0x00000000       0x44 ./Libraries/XMCLib/src/xmc_i2c.o
 .text.XMC_I2C_CH_SetBaudrate
                0x00000000       0x98 ./Libraries/XMCLib/src/xmc_i2c.o
 .text.XMC_I2C_CH_MasterStart
                0x00000000       0x80 ./Libraries/XMCLib/src/xmc_i2c.o
 .text.XMC_I2C_CH_MasterRepeatedStart
                0x00000000       0x80 ./Libraries/XMCLib/src/xmc_i2c.o
 .text.XMC_I2C_CH_MasterStop
                0x00000000       0x54 ./Libraries/XMCLib/src/xmc_i2c.o
 .text.XMC_I2C_CH_MasterTransmit
                0x00000000       0x5c ./Libraries/XMCLib/src/xmc_i2c.o
 .text.XMC_I2C_CH_SlaveTransmit
                0x00000000       0x68 ./Libraries/XMCLib/src/xmc_i2c.o
 .text.XMC_I2C_CH_MasterReceiveAck
                0x00000000       0x54 ./Libraries/XMCLib/src/xmc_i2c.o
 .text.XMC_I2C_CH_MasterReceiveNack
                0x00000000       0x54 ./Libraries/XMCLib/src/xmc_i2c.o
 .text.XMC_I2C_CH_GetReceivedData
                0x00000000       0x40 ./Libraries/XMCLib/src/xmc_i2c.o
 .text.XMC_I2C_CH_Stop
                0x00000000       0x44 ./Libraries/XMCLib/src/xmc_i2c.o
 .text.XMC_I2C_CH_EnableEvent
                0x00000000       0x38 ./Libraries/XMCLib/src/xmc_i2c.o
 .text.XMC_I2C_CH_DisableEvent
                0x00000000       0x3c ./Libraries/XMCLib/src/xmc_i2c.o
 .debug_info    0x00000000      0xa30 ./Libraries/XMCLib/src/xmc_i2c.o
 .debug_abbrev  0x00000000      0x26f ./Libraries/XMCLib/src/xmc_i2c.o
 .debug_loc     0x00000000      0x3f0 ./Libraries/XMCLib/src/xmc_i2c.o
 .debug_aranges
                0x00000000       0xa8 ./Libraries/XMCLib/src/xmc_i2c.o
 .debug_ranges  0x00000000       0x98 ./Libraries/XMCLib/src/xmc_i2c.o
 .debug_line    0x00000000      0x372 ./Libraries/XMCLib/src/xmc_i2c.o
 .debug_str     0x00000000      0xc26 ./Libraries/XMCLib/src/xmc_i2c.o
 .comment       0x00000000       0x71 ./Libraries/XMCLib/src/xmc_i2c.o
 .debug_frame   0x00000000      0x250 ./Libraries/XMCLib/src/xmc_i2c.o
 .ARM.attributes
                0x00000000       0x31 ./Libraries/XMCLib/src/xmc_i2c.o
 .text          0x00000000        0x0 ./Libraries/XMCLib/src/xmc_i2s.o
 .data          0x00000000        0x0 ./Libraries/XMCLib/src/xmc_i2s.o
 .bss           0x00000000        0x0 ./Libraries/XMCLib/src/xmc_i2s.o
 .text.XMC_USIC_CH_GetTransmitBufferStatus
                0x00000000       0x1c ./Libraries/XMCLib/src/xmc_i2s.o
 .text.XMC_USIC_CH_SetMode
                0x00000000       0x28 ./Libraries/XMCLib/src/xmc_i2s.o
 .text.XMC_I2S_CH_ClearStatusFlag
                0x00000000       0x1c ./Libraries/XMCLib/src/xmc_i2s.o
 .text.XMC_I2S_CH_Init
                0x00000000       0xa8 ./Libraries/XMCLib/src/xmc_i2s.o
 .text.XMC_I2S_CH_SetBaudrate
                0x00000000       0x58 ./Libraries/XMCLib/src/xmc_i2s.o
 .text.XMC_I2S_CH_SetSystemWordLength
                0x00000000      0x124 ./Libraries/XMCLib/src/xmc_i2s.o
 .text.XMC_I2S_CH_Transmit
                0x00000000       0x74 ./Libraries/XMCLib/src/xmc_i2s.o
 .text.XMC_I2S_CH_GetReceivedData
                0x00000000       0x40 ./Libraries/XMCLib/src/xmc_i2s.o
 .text.XMC_I2S_CH_Stop
                0x00000000       0x44 ./Libraries/XMCLib/src/xmc_i2s.o
 .text.XMC_I2S_CH_EnableEvent
                0x00000000       0x38 ./Libraries/XMCLib/src/xmc_i2s.o
 .text.XMC_I2S_CH_DisableEvent
                0x00000000       0x3c ./Libraries/XMCLib/src/xmc_i2s.o
 .debug_info    0x00000000      0x8ee ./Libraries/XMCLib/src/xmc_i2s.o
 .debug_abbrev  0x00000000      0x207 ./Libraries/XMCLib/src/xmc_i2s.o
 .debug_loc     0x00000000      0x268 ./Libraries/XMCLib/src/xmc_i2s.o
 .debug_aranges
                0x00000000       0x70 ./Libraries/XMCLib/src/xmc_i2s.o
 .debug_ranges  0x00000000       0x60 ./Libraries/XMCLib/src/xmc_i2s.o
 .debug_line    0x00000000      0x33c ./Libraries/XMCLib/src/xmc_i2s.o
 .debug_str     0x00000000      0xac8 ./Libraries/XMCLib/src/xmc_i2s.o
 .comment       0x00000000       0x71 ./Libraries/XMCLib/src/xmc_i2s.o
 .debug_frame   0x00000000      0x170 ./Libraries/XMCLib/src/xmc_i2s.o
 .ARM.attributes
                0x00000000       0x31 ./Libraries/XMCLib/src/xmc_i2s.o
 .text          0x00000000        0x0 ./Libraries/XMCLib/src/xmc_ledts.o
 .data          0x00000000        0x0 ./Libraries/XMCLib/src/xmc_ledts.o
 .bss           0x00000000        0x0 ./Libraries/XMCLib/src/xmc_ledts.o
 .debug_info    0x00000000       0x72 ./Libraries/XMCLib/src/xmc_ledts.o
 .debug_abbrev  0x00000000       0x26 ./Libraries/XMCLib/src/xmc_ledts.o
 .debug_aranges
                0x00000000       0x18 ./Libraries/XMCLib/src/xmc_ledts.o
 .debug_line    0x00000000       0x1d ./Libraries/XMCLib/src/xmc_ledts.o
 .debug_str     0x00000000      0x194 ./Libraries/XMCLib/src/xmc_ledts.o
 .comment       0x00000000       0x71 ./Libraries/XMCLib/src/xmc_ledts.o
 .ARM.attributes
                0x00000000       0x31 ./Libraries/XMCLib/src/xmc_ledts.o
 .text          0x00000000        0x0 ./Libraries/XMCLib/src/xmc_math.o
 .data          0x00000000        0x0 ./Libraries/XMCLib/src/xmc_math.o
 .bss           0x00000000        0x0 ./Libraries/XMCLib/src/xmc_math.o
 .debug_info    0x00000000       0x72 ./Libraries/XMCLib/src/xmc_math.o
 .debug_abbrev  0x00000000       0x26 ./Libraries/XMCLib/src/xmc_math.o
 .debug_aranges
                0x00000000       0x18 ./Libraries/XMCLib/src/xmc_math.o
 .debug_line    0x00000000       0x1d ./Libraries/XMCLib/src/xmc_math.o
 .debug_str     0x00000000      0x193 ./Libraries/XMCLib/src/xmc_math.o
 .comment       0x00000000       0x71 ./Libraries/XMCLib/src/xmc_math.o
 .ARM.attributes
                0x00000000       0x31 ./Libraries/XMCLib/src/xmc_math.o
 .text          0x00000000        0x0 ./Libraries/XMCLib/src/xmc_pau.o
 .data          0x00000000        0x0 ./Libraries/XMCLib/src/xmc_pau.o
 .bss           0x00000000        0x0 ./Libraries/XMCLib/src/xmc_pau.o
 .text.XMC_PAU_EnablePeripheralAccess
                0x00000000       0x38 ./Libraries/XMCLib/src/xmc_pau.o
 .text.XMC_PAU_DisablePeripheralAccess
                0x00000000       0x34 ./Libraries/XMCLib/src/xmc_pau.o
 .text.XMC_PAU_IsPeripheralAccessEnabled
                0x00000000       0x30 ./Libraries/XMCLib/src/xmc_pau.o
 .text.XMC_PAU_IsPeripheralAvailable
                0x00000000       0x30 ./Libraries/XMCLib/src/xmc_pau.o
 .debug_info    0x00000000      0x35f ./Libraries/XMCLib/src/xmc_pau.o
 .debug_abbrev  0x00000000      0x108 ./Libraries/XMCLib/src/xmc_pau.o
 .debug_loc     0x00000000       0xe0 ./Libraries/XMCLib/src/xmc_pau.o
 .debug_aranges
                0x00000000       0x38 ./Libraries/XMCLib/src/xmc_pau.o
 .debug_ranges  0x00000000       0x28 ./Libraries/XMCLib/src/xmc_pau.o
 .debug_line    0x00000000      0x1db ./Libraries/XMCLib/src/xmc_pau.o
 .debug_str     0x00000000      0x4a4 ./Libraries/XMCLib/src/xmc_pau.o
 .comment       0x00000000       0x71 ./Libraries/XMCLib/src/xmc_pau.o
 .debug_frame   0x00000000       0x90 ./Libraries/XMCLib/src/xmc_pau.o
 .ARM.attributes
                0x00000000       0x31 ./Libraries/XMCLib/src/xmc_pau.o
 .text          0x00000000        0x0 ./Libraries/XMCLib/src/xmc_posif.o
 .data          0x00000000        0x0 ./Libraries/XMCLib/src/xmc_posif.o
 .bss           0x00000000        0x0 ./Libraries/XMCLib/src/xmc_posif.o
 .debug_info    0x00000000       0x72 ./Libraries/XMCLib/src/xmc_posif.o
 .debug_abbrev  0x00000000       0x26 ./Libraries/XMCLib/src/xmc_posif.o
 .debug_aranges
                0x00000000       0x18 ./Libraries/XMCLib/src/xmc_posif.o
 .debug_line    0x00000000       0x1d ./Libraries/XMCLib/src/xmc_posif.o
 .debug_str     0x00000000      0x194 ./Libraries/XMCLib/src/xmc_posif.o
 .comment       0x00000000       0x71 ./Libraries/XMCLib/src/xmc_posif.o
 .ARM.attributes
                0x00000000       0x31 ./Libraries/XMCLib/src/xmc_posif.o
 .text          0x00000000        0x0 ./Libraries/XMCLib/src/xmc_prng.o
 .data          0x00000000        0x0 ./Libraries/XMCLib/src/xmc_prng.o
 .bss           0x00000000        0x0 ./Libraries/XMCLib/src/xmc_prng.o
 .text.XMC_PRNG_SetRandomDataBlockSize
                0x00000000       0x34 ./Libraries/XMCLib/src/xmc_prng.o
 .text.XMC_PRNG_CheckValidStatus
                0x00000000       0x1c ./Libraries/XMCLib/src/xmc_prng.o
 .text.XMC_PRNG_EnableKeyLoadingMode
                0x00000000       0x1c ./Libraries/XMCLib/src/xmc_prng.o
 .text.XMC_PRNG_EnableStreamingMode
                0x00000000       0x1c ./Libraries/XMCLib/src/xmc_prng.o
 .text.XMC_PRNG_LoadKeyWords
                0x00000000       0x20 ./Libraries/XMCLib/src/xmc_prng.o
 .text.XMC_PRNG_Init
                0x00000000       0xd8 ./Libraries/XMCLib/src/xmc_prng.o
 .debug_info    0x00000000      0x2c4 ./Libraries/XMCLib/src/xmc_prng.o
 .debug_abbrev  0x00000000      0x15f ./Libraries/XMCLib/src/xmc_prng.o
 .debug_loc     0x00000000      0x12c ./Libraries/XMCLib/src/xmc_prng.o
 .debug_aranges
                0x00000000       0x48 ./Libraries/XMCLib/src/xmc_prng.o
 .debug_ranges  0x00000000       0x38 ./Libraries/XMCLib/src/xmc_prng.o
 .debug_line    0x00000000      0x280 ./Libraries/XMCLib/src/xmc_prng.o
 .debug_str     0x00000000      0x39c ./Libraries/XMCLib/src/xmc_prng.o
 .comment       0x00000000       0x71 ./Libraries/XMCLib/src/xmc_prng.o
 .debug_frame   0x00000000       0xc4 ./Libraries/XMCLib/src/xmc_prng.o
 .ARM.attributes
                0x00000000       0x31 ./Libraries/XMCLib/src/xmc_prng.o
 .text          0x00000000        0x0 ./Libraries/XMCLib/src/xmc_rtc.o
 .data          0x00000000        0x0 ./Libraries/XMCLib/src/xmc_rtc.o
 .bss           0x00000000        0x0 ./Libraries/XMCLib/src/xmc_rtc.o
 .text.XMC_SCU_GetMirrorStatus
                0x00000000       0x14 ./Libraries/XMCLib/src/xmc_rtc.o
 .text.XMC_RTC_Start
                0x00000000       0x28 ./Libraries/XMCLib/src/xmc_rtc.o
 .text.XMC_RTC_Stop
                0x00000000       0x28 ./Libraries/XMCLib/src/xmc_rtc.o
 .text.XMC_RTC_SetPrescaler
                0x00000000       0x38 ./Libraries/XMCLib/src/xmc_rtc.o
 .text.XMC_RTC_SetTime
                0x00000000       0x30 ./Libraries/XMCLib/src/xmc_rtc.o
 .text.XMC_RTC_GetTime
                0x00000000       0x24 ./Libraries/XMCLib/src/xmc_rtc.o
 .text.XMC_RTC_SetTimeStdFormat
                0x00000000      0x118 ./Libraries/XMCLib/src/xmc_rtc.o
 .text.XMC_RTC_GetTimeStdFormat
                0x00000000       0xa4 ./Libraries/XMCLib/src/xmc_rtc.o
 .text.XMC_RTC_SetAlarm
                0x00000000       0x30 ./Libraries/XMCLib/src/xmc_rtc.o
 .text.XMC_RTC_GetAlarm
                0x00000000       0x24 ./Libraries/XMCLib/src/xmc_rtc.o
 .text.XMC_RTC_SetAlarmStdFormat
                0x00000000       0xf4 ./Libraries/XMCLib/src/xmc_rtc.o
 .text.XMC_RTC_GetAlarmStdFormat
                0x00000000       0x94 ./Libraries/XMCLib/src/xmc_rtc.o
 .text.XMC_RTC_GetEventStatus
                0x00000000       0x14 ./Libraries/XMCLib/src/xmc_rtc.o
 .debug_info    0x00000000      0x779 ./Libraries/XMCLib/src/xmc_rtc.o
 .debug_abbrev  0x00000000      0x212 ./Libraries/XMCLib/src/xmc_rtc.o
 .debug_loc     0x00000000      0x2a8 ./Libraries/XMCLib/src/xmc_rtc.o
 .debug_aranges
                0x00000000       0x80 ./Libraries/XMCLib/src/xmc_rtc.o
 .debug_ranges  0x00000000       0x70 ./Libraries/XMCLib/src/xmc_rtc.o
 .debug_line    0x00000000      0x375 ./Libraries/XMCLib/src/xmc_rtc.o
 .debug_str     0x00000000      0x487 ./Libraries/XMCLib/src/xmc_rtc.o
 .comment       0x00000000       0x71 ./Libraries/XMCLib/src/xmc_rtc.o
 .debug_frame   0x00000000      0x1a0 ./Libraries/XMCLib/src/xmc_rtc.o
 .ARM.attributes
                0x00000000       0x31 ./Libraries/XMCLib/src/xmc_rtc.o
 .text          0x00000000        0x0 ./Libraries/XMCLib/src/xmc_spi.o
 .data          0x00000000        0x0 ./Libraries/XMCLib/src/xmc_spi.o
 .bss           0x00000000        0x0 ./Libraries/XMCLib/src/xmc_spi.o
 .text.XMC_USIC_CH_GetTransmitBufferStatus
                0x00000000       0x1c ./Libraries/XMCLib/src/xmc_spi.o
 .text.XMC_USIC_CH_SetMode
                0x00000000       0x28 ./Libraries/XMCLib/src/xmc_spi.o
 .text.XMC_SPI_CH_ClearStatusFlag
                0x00000000       0x1c ./Libraries/XMCLib/src/xmc_spi.o
 .text.XMC_SPI_CH_Init
                0x00000000       0x6c ./Libraries/XMCLib/src/xmc_spi.o
 .text.XMC_SPI_CH_SetBaudrate
                0x00000000       0x48 ./Libraries/XMCLib/src/xmc_spi.o
 .text.XMC_SPI_CH_EnableSlaveSelect
                0x00000000       0x2c ./Libraries/XMCLib/src/xmc_spi.o
 .text.XMC_SPI_CH_DisableSlaveSelect
                0x00000000       0x28 ./Libraries/XMCLib/src/xmc_spi.o
 .text.XMC_SPI_CH_Transmit
                0x00000000       0x88 ./Libraries/XMCLib/src/xmc_spi.o
 .text.XMC_SPI_CH_GetReceivedData
                0x00000000       0x40 ./Libraries/XMCLib/src/xmc_spi.o
 .text.XMC_SPI_CH_SetInterwordDelay
                0x00000000      0x138 ./Libraries/XMCLib/src/xmc_spi.o
 .text.XMC_SPI_CH_Stop
                0x00000000       0x44 ./Libraries/XMCLib/src/xmc_spi.o
 .text.XMC_SPI_CH_EnableEvent
                0x00000000       0x34 ./Libraries/XMCLib/src/xmc_spi.o
 .text.XMC_SPI_CH_DisableEvent
                0x00000000       0x38 ./Libraries/XMCLib/src/xmc_spi.o
 .debug_info    0x00000000      0x9fe ./Libraries/XMCLib/src/xmc_spi.o
 .debug_abbrev  0x00000000      0x207 ./Libraries/XMCLib/src/xmc_spi.o
 .debug_loc     0x00000000      0x2da ./Libraries/XMCLib/src/xmc_spi.o
 .debug_aranges
                0x00000000       0x80 ./Libraries/XMCLib/src/xmc_spi.o
 .debug_ranges  0x00000000       0x70 ./Libraries/XMCLib/src/xmc_spi.o
 .debug_line    0x00000000      0x363 ./Libraries/XMCLib/src/xmc_spi.o
 .debug_str     0x00000000      0xcb2 ./Libraries/XMCLib/src/xmc_spi.o
 .comment       0x00000000       0x71 ./Libraries/XMCLib/src/xmc_spi.o
 .debug_frame   0x00000000      0x1b0 ./Libraries/XMCLib/src/xmc_spi.o
 .ARM.attributes
                0x00000000       0x31 ./Libraries/XMCLib/src/xmc_spi.o
 .text          0x00000000        0x0 ./Libraries/XMCLib/src/xmc_uart.o
 .data          0x00000000        0x0 ./Libraries/XMCLib/src/xmc_uart.o
 .bss           0x00000000        0x0 ./Libraries/XMCLib/src/xmc_uart.o
 .text.XMC_USIC_CH_GetTransmitBufferStatus
                0x00000000       0x1c ./Libraries/XMCLib/src/xmc_uart.o
 .text.XMC_USIC_CH_SetMode
                0x00000000       0x28 ./Libraries/XMCLib/src/xmc_uart.o
 .text.XMC_UART_CH_GetStatusFlag
                0x00000000       0x14 ./Libraries/XMCLib/src/xmc_uart.o
 .text.XMC_UART_CH_ClearStatusFlag
                0x00000000       0x18 ./Libraries/XMCLib/src/xmc_uart.o
 .text.XMC_UART_CH_Init
                0x00000000       0xb4 ./Libraries/XMCLib/src/xmc_uart.o
 .text.XMC_UART_CH_SetBaudrate
                0x00000000       0x54 ./Libraries/XMCLib/src/xmc_uart.o
 .text.XMC_UART_CH_Transmit
                0x00000000       0x5c ./Libraries/XMCLib/src/xmc_uart.o
 .text.XMC_UART_CH_GetReceivedData
                0x00000000       0x40 ./Libraries/XMCLib/src/xmc_uart.o
 .text.XMC_UART_CH_Stop
                0x00000000       0x58 ./Libraries/XMCLib/src/xmc_uart.o
 .text.XMC_UART_CH_EnableEvent
                0x00000000       0x34 ./Libraries/XMCLib/src/xmc_uart.o
 .text.XMC_UART_CH_DisableEvent
                0x00000000       0x38 ./Libraries/XMCLib/src/xmc_uart.o
 .debug_info    0x00000000      0x863 ./Libraries/XMCLib/src/xmc_uart.o
 .debug_abbrev  0x00000000      0x1ed ./Libraries/XMCLib/src/xmc_uart.o
 .debug_loc     0x00000000      0x268 ./Libraries/XMCLib/src/xmc_uart.o
 .debug_aranges
                0x00000000       0x70 ./Libraries/XMCLib/src/xmc_uart.o
 .debug_ranges  0x00000000       0x60 ./Libraries/XMCLib/src/xmc_uart.o
 .debug_line    0x00000000      0x319 ./Libraries/XMCLib/src/xmc_uart.o
 .debug_str     0x00000000      0xa96 ./Libraries/XMCLib/src/xmc_uart.o
 .comment       0x00000000       0x71 ./Libraries/XMCLib/src/xmc_uart.o
 .debug_frame   0x00000000      0x170 ./Libraries/XMCLib/src/xmc_uart.o
 .ARM.attributes
                0x00000000       0x31 ./Libraries/XMCLib/src/xmc_uart.o
 .text          0x00000000        0x0 ./Libraries/XMCLib/src/xmc_usic.o
 .data          0x00000000        0x0 ./Libraries/XMCLib/src/xmc_usic.o
 .bss           0x00000000        0x0 ./Libraries/XMCLib/src/xmc_usic.o
 .text.XMC_USIC_CH_SetInputTriggerCombinationMode
                0x00000000       0x4c ./Libraries/XMCLib/src/xmc_usic.o
 .text.XMC_USIC_CH_SetBRGInputClockSource
                0x00000000       0x28 ./Libraries/XMCLib/src/xmc_usic.o
 .text.XMC_USIC_CH_Enable
                0x00000000       0x50 ./Libraries/XMCLib/src/xmc_usic.o
 .text.XMC_USIC_CH_Disable
                0x00000000       0x20 ./Libraries/XMCLib/src/xmc_usic.o
 .text.XMC_USIC_CH_SetBaudrate
                0x00000000       0xec ./Libraries/XMCLib/src/xmc_usic.o
 .text.XMC_USIC_CH_ConfigExternalInputSignalToBRG
                0x00000000       0x64 ./Libraries/XMCLib/src/xmc_usic.o
 .text.XMC_USIC_CH_TXFIFO_Configure
                0x00000000       0x5c ./Libraries/XMCLib/src/xmc_usic.o
 .text.XMC_USIC_CH_RXFIFO_Configure
                0x00000000       0x64 ./Libraries/XMCLib/src/xmc_usic.o
 .text.XMC_USIC_CH_TXFIFO_SetSizeTriggerLimit
                0x00000000       0x5c ./Libraries/XMCLib/src/xmc_usic.o
 .text.XMC_USIC_CH_RXFIFO_SetSizeTriggerLimit
                0x00000000       0x5c ./Libraries/XMCLib/src/xmc_usic.o
 .text.XMC_USIC_CH_SetInterruptNodePointer
                0x00000000       0x40 ./Libraries/XMCLib/src/xmc_usic.o
 .text.XMC_USIC_CH_TXFIFO_SetInterruptNodePointer
                0x00000000       0x48 ./Libraries/XMCLib/src/xmc_usic.o
 .text.XMC_USIC_CH_RXFIFO_SetInterruptNodePointer
                0x00000000       0x48 ./Libraries/XMCLib/src/xmc_usic.o
 .text.XMC_USIC_Enable
                0x00000000       0x20 ./Libraries/XMCLib/src/xmc_usic.o
 .text.XMC_USIC_Disable
                0x00000000       0x20 ./Libraries/XMCLib/src/xmc_usic.o
 .debug_info    0x00000000      0xa76 ./Libraries/XMCLib/src/xmc_usic.o
 .debug_abbrev  0x00000000      0x1da ./Libraries/XMCLib/src/xmc_usic.o
 .debug_loc     0x00000000      0x34a ./Libraries/XMCLib/src/xmc_usic.o
 .debug_aranges
                0x00000000       0x90 ./Libraries/XMCLib/src/xmc_usic.o
 .debug_ranges  0x00000000       0x80 ./Libraries/XMCLib/src/xmc_usic.o
 .debug_line    0x00000000      0x3b0 ./Libraries/XMCLib/src/xmc_usic.o
 .debug_str     0x00000000      0xd7f ./Libraries/XMCLib/src/xmc_usic.o
 .comment       0x00000000       0x71 ./Libraries/XMCLib/src/xmc_usic.o
 .debug_frame   0x00000000      0x1f0 ./Libraries/XMCLib/src/xmc_usic.o
 .ARM.attributes
                0x00000000       0x31 ./Libraries/XMCLib/src/xmc_usic.o
 .text          0x00000000        0x0 ./Libraries/XMCLib/src/xmc_vadc.o
 .data          0x00000000        0x0 ./Libraries/XMCLib/src/xmc_vadc.o
 .bss           0x00000000        0x0 ./Libraries/XMCLib/src/xmc_vadc.o
 .text.XMC_VADC_GLOBAL_EnableModule
                0x00000000       0x10 ./Libraries/XMCLib/src/xmc_vadc.o
 .text.XMC_VADC_GLOBAL_DisableModule
                0x00000000       0x10 ./Libraries/XMCLib/src/xmc_vadc.o
 .text.XMC_VADC_GLOBAL_Init
                0x00000000       0x68 ./Libraries/XMCLib/src/xmc_vadc.o
 .text.XMC_VADC_GLOBAL_InputClassInit
                0x00000000       0x2c ./Libraries/XMCLib/src/xmc_vadc.o
 .text.XMC_VADC_GLOBAL_StartupCalibration
                0x00000000       0x30 ./Libraries/XMCLib/src/xmc_vadc.o
 .text.XMC_VADC_GLOBAL_SetCompareValue
                0x00000000       0x44 ./Libraries/XMCLib/src/xmc_vadc.o
 .text.XMC_VADC_GLOBAL_GetCompareResult
                0x00000000       0x40 ./Libraries/XMCLib/src/xmc_vadc.o
 .text.XMC_VADC_GLOBAL_SetResultEventInterruptNode
                0x00000000       0x60 ./Libraries/XMCLib/src/xmc_vadc.o
 .text.XMC_VADC_GLOBAL_BackgroundSetReqSrcEventInterruptNode
                0x00000000       0x58 ./Libraries/XMCLib/src/xmc_vadc.o
 .text.XMC_VADC_GLOBAL_SHS_Init
                0x00000000       0x20 ./Libraries/XMCLib/src/xmc_vadc.o
 .text.XMC_VADC_GLOBAL_SHS_SetGainFactor
                0x00000000       0xb8 ./Libraries/XMCLib/src/xmc_vadc.o
 .text.XMC_VADC_GLOBAL_SHS_SetSigmaDeltaLoop
                0x00000000       0x60 ./Libraries/XMCLib/src/xmc_vadc.o
 .text.XMC_VADC_GLOBAL_BackgroundInit
                0x00000000       0x38 ./Libraries/XMCLib/src/xmc_vadc.o
 .text.XMC_VADC_GLOBAL_BackgroundSelectTrigger
                0x00000000       0x44 ./Libraries/XMCLib/src/xmc_vadc.o
 .text.XMC_VADC_GLOBAL_BackgroundSelectTriggerEdge
                0x00000000       0x4c ./Libraries/XMCLib/src/xmc_vadc.o
 .text.XMC_VADC_GLOBAL_BackgroundSelectGating
                0x00000000       0x44 ./Libraries/XMCLib/src/xmc_vadc.o
 .text.XMC_VADC_GLOBAL_BackgroundAbortSequence
                0x00000000       0x50 ./Libraries/XMCLib/src/xmc_vadc.o
 .text.XMC_VADC_GLOBAL_BackgroundGetNumChannelsPending
                0x00000000       0x68 ./Libraries/XMCLib/src/xmc_vadc.o
 .debug_info    0x00000000      0xf0b ./Libraries/XMCLib/src/xmc_vadc.o
 .debug_abbrev  0x00000000      0x207 ./Libraries/XMCLib/src/xmc_vadc.o
 .debug_loc     0x00000000      0x3d8 ./Libraries/XMCLib/src/xmc_vadc.o
 .debug_aranges
                0x00000000       0xa8 ./Libraries/XMCLib/src/xmc_vadc.o
 .debug_ranges  0x00000000       0x98 ./Libraries/XMCLib/src/xmc_vadc.o
 .debug_line    0x00000000      0x3cf ./Libraries/XMCLib/src/xmc_vadc.o
 .debug_str     0x00000000      0xd0e ./Libraries/XMCLib/src/xmc_vadc.o
 .comment       0x00000000       0x71 ./Libraries/XMCLib/src/xmc_vadc.o
 .debug_frame   0x00000000      0x250 ./Libraries/XMCLib/src/xmc_vadc.o
 .ARM.attributes
                0x00000000       0x31 ./Libraries/XMCLib/src/xmc_vadc.o
 .text          0x00000000        0x0 ./Libraries/XMCLib/src/xmc_wdt.o
 .data          0x00000000        0x0 ./Libraries/XMCLib/src/xmc_wdt.o
 .bss           0x00000000        0x0 ./Libraries/XMCLib/src/xmc_wdt.o
 .text.XMC_WDT_Enable
                0x00000000       0x14 ./Libraries/XMCLib/src/xmc_wdt.o
 .text.XMC_WDT_Disable
                0x00000000       0x14 ./Libraries/XMCLib/src/xmc_wdt.o
 .text.XMC_WDT_Init
                0x00000000       0x30 ./Libraries/XMCLib/src/xmc_wdt.o
 .debug_info    0x00000000      0x263 ./Libraries/XMCLib/src/xmc_wdt.o
 .debug_abbrev  0x00000000      0x15c ./Libraries/XMCLib/src/xmc_wdt.o
 .debug_loc     0x00000000       0x90 ./Libraries/XMCLib/src/xmc_wdt.o
 .debug_aranges
                0x00000000       0x30 ./Libraries/XMCLib/src/xmc_wdt.o
 .debug_ranges  0x00000000       0x20 ./Libraries/XMCLib/src/xmc_wdt.o
 .debug_line    0x00000000      0x249 ./Libraries/XMCLib/src/xmc_wdt.o
 .debug_str     0x00000000      0x340 ./Libraries/XMCLib/src/xmc_wdt.o
 .comment       0x00000000       0x71 ./Libraries/XMCLib/src/xmc_wdt.o
 .debug_frame   0x00000000       0x68 ./Libraries/XMCLib/src/xmc_wdt.o
 .ARM.attributes
                0x00000000       0x31 ./Libraries/XMCLib/src/xmc_wdt.o
 .text          0x00000000        0x0 ./Libraries/Newlib/syscalls.o
 .data          0x00000000        0x0 ./Libraries/Newlib/syscalls.o
 .bss           0x00000000        0x0 ./Libraries/Newlib/syscalls.o
 .bss.__dso_handle
                0x00000000        0x4 ./Libraries/Newlib/syscalls.o
 .text._sbrk    0x00000000       0x68 ./Libraries/Newlib/syscalls.o
 .bss.heap_ptr.4331
                0x00000000        0x4 ./Libraries/Newlib/syscalls.o
 .comment       0x00000000       0x71 ./Libraries/Newlib/syscalls.o
 .text          0x00000000        0x0 ./HardwareController.o
 .data          0x00000000        0x0 ./HardwareController.o
 .bss           0x00000000        0x0 ./HardwareController.o
 .comment       0x00000000       0x71 ./HardwareController.o
 .text          0x00000000        0x0 ./XMC1100-LibHaas.o
 .data          0x00000000        0x0 ./XMC1100-LibHaas.o
 .bss           0x00000000        0x0 ./XMC1100-LibHaas.o
 .text.__NVIC_DisableIRQ
                0x00000000       0x3c ./XMC1100-LibHaas.o
 .text.__NVIC_ClearPendingIRQ
                0x00000000       0x34 ./XMC1100-LibHaas.o
 .text.__NVIC_SetPriority
                0x00000000       0xd4 ./XMC1100-LibHaas.o
 .text.bit_set_clr
                0x00000000       0x70 ./XMC1100-LibHaas.o
 .text.port_init
                0x00000000       0xd4 ./XMC1100-LibHaas.o
 .text.port0_init_maske
                0x00000000       0x58 ./XMC1100-LibHaas.o
 .text.port_write
                0x00000000       0x50 ./XMC1100-LibHaas.o
 .text.pwm1_init_8
                0x00000000       0x60 ./XMC1100-LibHaas.o
 .text.pwm2_init_8
                0x00000000       0x60 ./XMC1100-LibHaas.o
 .text.pwm2_init
                0x00000000       0x60 ./XMC1100-LibHaas.o
 .text.pwm3_init_8
                0x00000000       0x60 ./XMC1100-LibHaas.o
 .text.pwm3_init
                0x00000000       0x60 ./XMC1100-LibHaas.o
 .text.pwm4_init
                0x00000000       0x60 ./XMC1100-LibHaas.o
 .text.pwm1_duty_cycle_8
                0x00000000       0x40 ./XMC1100-LibHaas.o
 .text.pwm1_duty_cycle_period_8
                0x00000000       0x54 ./XMC1100-LibHaas.o
 .text.pwm1_duty_cycle_period
                0x00000000       0x5c ./XMC1100-LibHaas.o
 .text.pwm2_duty_cycle_8
                0x00000000       0x40 ./XMC1100-LibHaas.o
 .text.pwm2_duty_cycle
                0x00000000       0x30 ./XMC1100-LibHaas.o
 .text.pwm2_duty_cycle_period_8
                0x00000000       0x54 ./XMC1100-LibHaas.o
 .text.pwm2_duty_cycle_period
                0x00000000       0x5c ./XMC1100-LibHaas.o
 .text.pwm3_duty_cycle_8
                0x00000000       0x40 ./XMC1100-LibHaas.o
 .text.pwm3_duty_cycle
                0x00000000       0x30 ./XMC1100-LibHaas.o
 .text.pwm3_duty_cycle_period_8
                0x00000000       0x54 ./XMC1100-LibHaas.o
 .text.pwm3_duty_cycle_period
                0x00000000       0x60 ./XMC1100-LibHaas.o
 .text.pwm4_duty_cycle
                0x00000000       0x30 ./XMC1100-LibHaas.o
 .text.pwm4_duty_cycle_period
                0x00000000       0x60 ./XMC1100-LibHaas.o
 .text.pwm1_start_interrupt
                0x00000000       0x28 ./XMC1100-LibHaas.o
 .text.pwm2_start
                0x00000000       0x14 ./XMC1100-LibHaas.o
 .text.pwm2_start_interrupt
                0x00000000       0x28 ./XMC1100-LibHaas.o
 .text.pwm3_start
                0x00000000       0x14 ./XMC1100-LibHaas.o
 .text.pwm3_start_interrupt
                0x00000000       0x28 ./XMC1100-LibHaas.o
 .text.pwm4_start
                0x00000000       0x14 ./XMC1100-LibHaas.o
 .text.pwm4_start_interrupt
                0x00000000       0x28 ./XMC1100-LibHaas.o
 .text.pwm1_stop
                0x00000000       0x18 ./XMC1100-LibHaas.o
 .text.pwm2_stop
                0x00000000       0x18 ./XMC1100-LibHaas.o
 .text.pwm3_stop
                0x00000000       0x18 ./XMC1100-LibHaas.o
 .text.pwm4_stop
                0x00000000       0x18 ./XMC1100-LibHaas.o
 .text.adc_init
                0x00000000      0x158 ./XMC1100-LibHaas.o
 .text.adc_in   0x00000000       0x70 ./XMC1100-LibHaas.o
 .text.delay_10us
                0x00000000       0x50 ./XMC1100-LibHaas.o
 .text.i2c_delay
                0x00000000       0x2c ./XMC1100-LibHaas.o
 .text.i2c_init
                0x00000000       0x48 ./XMC1100-LibHaas.o
 .text.i2c_start
                0x00000000       0x54 ./XMC1100-LibHaas.o
 .text.i2c_stop
                0x00000000       0x54 ./XMC1100-LibHaas.o
 .text.i2c_write
                0x00000000       0xf8 ./XMC1100-LibHaas.o
 .text.i2c_read
                0x00000000      0x104 ./XMC1100-LibHaas.o
 .text.rs232_init_bd
                0x00000000      0x214 ./XMC1100-LibHaas.o
 .text.rs232_get
                0x00000000       0x40 ./XMC1100-LibHaas.o
 .text.rs232_char_received
                0x00000000       0x20 ./XMC1100-LibHaas.o
 .text.rs232_wait_get
                0x00000000       0x3c ./XMC1100-LibHaas.o
 .text.rs232_wait_of_enter
                0x00000000       0x1c ./XMC1100-LibHaas.o
 .text.rs232_clear_receivedata
                0x00000000       0x1c ./XMC1100-LibHaas.o
 .text.rs232_read_number
                0x00000000       0x84 ./XMC1100-LibHaas.o
 .text.rs232_read_int_number
                0x00000000       0x88 ./XMC1100-LibHaas.o
 .text.rs232_print_number
                0x00000000       0xc4 ./XMC1100-LibHaas.o
 .text.rs232_print_int_number
                0x00000000       0xa4 ./XMC1100-LibHaas.o
 .text.uart_init_bd
                0x00000000      0x2a8 ./XMC1100-LibHaas.o
 .text.uart_get
                0x00000000       0x44 ./XMC1100-LibHaas.o
 .text.uart_char_received
                0x00000000       0x20 ./XMC1100-LibHaas.o
 .text.uart_wait_get
                0x00000000       0x40 ./XMC1100-LibHaas.o
 .text.uart_wait_of_enter
                0x00000000       0x1c ./XMC1100-LibHaas.o
 .text.uart_read_number
                0x00000000       0x84 ./XMC1100-LibHaas.o
 .text.uart_print_number
                0x00000000       0xc4 ./XMC1100-LibHaas.o
 .text.warte_auf_eingabe
                0x00000000       0x58 ./XMC1100-LibHaas.o
 .text.send_byte
                0x00000000       0xb0 ./XMC1100-LibHaas.o
 .text.wait_bsy2
                0x00000000       0x24 ./XMC1100-LibHaas.o
 .text.wait_bsy1
                0x00000000       0x20 ./XMC1100-LibHaas.o
 .text.lcd_befehl
                0x00000000       0x24 ./XMC1100-LibHaas.o
 .text.lcd_daten
                0x00000000       0x24 ./XMC1100-LibHaas.o
 .text.lcd_init
                0x00000000       0x94 ./XMC1100-LibHaas.o
 .text.lcd_clear
                0x00000000       0x1c ./XMC1100-LibHaas.o
 .text.lcd_setcursor
                0x00000000       0x8c ./XMC1100-LibHaas.o
 .text.lcd_char
                0x00000000       0x34 ./XMC1100-LibHaas.o
 .text.lcd_print
                0x00000000       0x28 ./XMC1100-LibHaas.o
 .text.lcd_byte
                0x00000000       0xb0 ./XMC1100-LibHaas.o
 .text.lcd_int  0x00000000       0xb0 ./XMC1100-LibHaas.o
 .text.lcd_lookup
                0x00000000       0x44 ./XMC1100-LibHaas.o
 .text.lcd_clearline
                0x00000000       0x54 ./XMC1100-LibHaas.o
 .text.ext_interrupt1_init
                0x00000000       0x50 ./XMC1100-LibHaas.o
 .text.ext_interrupt2_init
                0x00000000       0x50 ./XMC1100-LibHaas.o
 .text.ext_interrupt_init
                0x00000000       0x14 ./XMC1100-LibHaas.o
 .text.ext_interrupt1_enable
                0x00000000       0x10 ./XMC1100-LibHaas.o
 .text.ext_interrupt2_enable
                0x00000000       0x10 ./XMC1100-LibHaas.o
 .text.ext_interrupt1_disable
                0x00000000       0x10 ./XMC1100-LibHaas.o
 .text.ext_interrupt2_disable
                0x00000000       0x10 ./XMC1100-LibHaas.o
 .text.ext_interrupt1_prioritaet
                0x00000000       0x28 ./XMC1100-LibHaas.o
 .text.ext_interrupt2_prioritaet
                0x00000000       0x28 ./XMC1100-LibHaas.o
 .text.ext_clear_IRQ
                0x00000000       0x28 ./XMC1100-LibHaas.o
 .text.timer1ms_init
                0x00000000       0x74 ./XMC1100-LibHaas.o
 .text.timer1ms_enable
                0x00000000       0x28 ./XMC1100-LibHaas.o
 .text.timer1ms_disable
                0x00000000       0x14 ./XMC1100-LibHaas.o
 .text.timer_init
                0x00000000       0x68 ./XMC1100-LibHaas.o
 .text.timer_start
                0x00000000       0x14 ./XMC1100-LibHaas.o
 .text.timer_start_interrupt
                0x00000000       0x38 ./XMC1100-LibHaas.o
 .text.timer_stop
                0x00000000       0x14 ./XMC1100-LibHaas.o
 .text.timer_value
                0x00000000       0x20 ./XMC1100-LibHaas.o
 .text.timer_reset
                0x00000000       0x14 ./XMC1100-LibHaas.o
 .text.timer2_init
                0x00000000       0x68 ./XMC1100-LibHaas.o
 .text.timer2_start
                0x00000000       0x14 ./XMC1100-LibHaas.o
 .text.timer2_start_interrupt
                0x00000000       0x38 ./XMC1100-LibHaas.o
 .text.timer2_stop
                0x00000000       0x14 ./XMC1100-LibHaas.o
 .text.timer2_value
                0x00000000       0x20 ./XMC1100-LibHaas.o
 .text.timer2_reset
                0x00000000       0x14 ./XMC1100-LibHaas.o
 .text.timer1_init
                0x00000000       0x64 ./XMC1100-LibHaas.o
 .text.timer1_start
                0x00000000       0x14 ./XMC1100-LibHaas.o
 .text.timer1_start_interrupt
                0x00000000       0x38 ./XMC1100-LibHaas.o
 .text.timer1_stop
                0x00000000       0x14 ./XMC1100-LibHaas.o
 .text.timer1_value
                0x00000000       0x20 ./XMC1100-LibHaas.o
 .text.timer1_reset
                0x00000000       0x14 ./XMC1100-LibHaas.o
 .text.timer0_init
                0x00000000       0x64 ./XMC1100-LibHaas.o
 .text.timer0_start
                0x00000000       0x14 ./XMC1100-LibHaas.o
 .text.timer0_start_interrupt
                0x00000000       0x34 ./XMC1100-LibHaas.o
 .text.timer0_stop
                0x00000000       0x14 ./XMC1100-LibHaas.o
 .text.timer0_value
                0x00000000       0x20 ./XMC1100-LibHaas.o
 .text.timer0_reset
                0x00000000       0x14 ./XMC1100-LibHaas.o
 .text.timer0_extern_controll
                0x00000000      0x1e4 ./XMC1100-LibHaas.o
 .text.timer1_extern_controll
                0x00000000      0x1e4 ./XMC1100-LibHaas.o
 .text.timer2_extern_controll
                0x00000000      0x1e4 ./XMC1100-LibHaas.o
 .text.timer3_extern_controll
                0x00000000      0x1e4 ./XMC1100-LibHaas.o
 .text.deepSleep_init
                0x00000000       0x20 ./XMC1100-LibHaas.o
 .comment       0x00000000       0x71 ./XMC1100-LibHaas.o
 .text          0x00000000        0x0 ./main.o
 .data          0x00000000        0x0 ./main.o
 .bss           0x00000000        0x0 ./main.o
 .comment       0x00000000       0x71 ./main.o
 .data          0x00000000        0x0 c:/users/follower/downloads/dave-ide-4.4.2-64bit/dave-ide-4.4.2-64bit/eclipse/arm-gcc-49/bin/../lib/gcc/arm-none-eabi/4.9.3/armv6-m\libgcc.a(_udivsi3.o)
 .bss           0x00000000        0x0 c:/users/follower/downloads/dave-ide-4.4.2-64bit/dave-ide-4.4.2-64bit/eclipse/arm-gcc-49/bin/../lib/gcc/arm-none-eabi/4.9.3/armv6-m\libgcc.a(_udivsi3.o)
 .text          0x00000000      0x1e0 c:/users/follower/downloads/dave-ide-4.4.2-64bit/dave-ide-4.4.2-64bit/eclipse/arm-gcc-49/bin/../lib/gcc/arm-none-eabi/4.9.3/armv6-m\libgcc.a(_divsi3.o)
 .data          0x00000000        0x0 c:/users/follower/downloads/dave-ide-4.4.2-64bit/dave-ide-4.4.2-64bit/eclipse/arm-gcc-49/bin/../lib/gcc/arm-none-eabi/4.9.3/armv6-m\libgcc.a(_divsi3.o)
 .bss           0x00000000        0x0 c:/users/follower/downloads/dave-ide-4.4.2-64bit/dave-ide-4.4.2-64bit/eclipse/arm-gcc-49/bin/../lib/gcc/arm-none-eabi/4.9.3/armv6-m\libgcc.a(_divsi3.o)
 .debug_frame   0x00000000       0x20 c:/users/follower/downloads/dave-ide-4.4.2-64bit/dave-ide-4.4.2-64bit/eclipse/arm-gcc-49/bin/../lib/gcc/arm-none-eabi/4.9.3/armv6-m\libgcc.a(_divsi3.o)
 .ARM.attributes
                0x00000000       0x1e c:/users/follower/downloads/dave-ide-4.4.2-64bit/dave-ide-4.4.2-64bit/eclipse/arm-gcc-49/bin/../lib/gcc/arm-none-eabi/4.9.3/armv6-m\libgcc.a(_divsi3.o)
 .data          0x00000000        0x0 c:/users/follower/downloads/dave-ide-4.4.2-64bit/dave-ide-4.4.2-64bit/eclipse/arm-gcc-49/bin/../lib/gcc/arm-none-eabi/4.9.3/armv6-m\libgcc.a(_dvmd_tls.o)
 .bss           0x00000000        0x0 c:/users/follower/downloads/dave-ide-4.4.2-64bit/dave-ide-4.4.2-64bit/eclipse/arm-gcc-49/bin/../lib/gcc/arm-none-eabi/4.9.3/armv6-m\libgcc.a(_dvmd_tls.o)
 .text          0x00000000        0x0 c:/users/follower/downloads/dave-ide-4.4.2-64bit/dave-ide-4.4.2-64bit/eclipse/arm-gcc-49/bin/../lib/gcc/arm-none-eabi/4.9.3/../../../../arm-none-eabi/lib/armv6-m\libg_nano.a(lib_a-errno.o)
 .data          0x00000000        0x0 c:/users/follower/downloads/dave-ide-4.4.2-64bit/dave-ide-4.4.2-64bit/eclipse/arm-gcc-49/bin/../lib/gcc/arm-none-eabi/4.9.3/../../../../arm-none-eabi/lib/armv6-m\libg_nano.a(lib_a-errno.o)
 .bss           0x00000000        0x0 c:/users/follower/downloads/dave-ide-4.4.2-64bit/dave-ide-4.4.2-64bit/eclipse/arm-gcc-49/bin/../lib/gcc/arm-none-eabi/4.9.3/../../../../arm-none-eabi/lib/armv6-m\libg_nano.a(lib_a-errno.o)
 .text.__errno  0x00000000        0xc c:/users/follower/downloads/dave-ide-4.4.2-64bit/dave-ide-4.4.2-64bit/eclipse/arm-gcc-49/bin/../lib/gcc/arm-none-eabi/4.9.3/../../../../arm-none-eabi/lib/armv6-m\libg_nano.a(lib_a-errno.o)
 .debug_frame   0x00000000       0x20 c:/users/follower/downloads/dave-ide-4.4.2-64bit/dave-ide-4.4.2-64bit/eclipse/arm-gcc-49/bin/../lib/gcc/arm-none-eabi/4.9.3/../../../../arm-none-eabi/lib/armv6-m\libg_nano.a(lib_a-errno.o)
 .ARM.attributes
                0x00000000       0x2c c:/users/follower/downloads/dave-ide-4.4.2-64bit/dave-ide-4.4.2-64bit/eclipse/arm-gcc-49/bin/../lib/gcc/arm-none-eabi/4.9.3/../../../../arm-none-eabi/lib/armv6-m\libg_nano.a(lib_a-errno.o)
 .text          0x00000000        0x0 c:/users/follower/downloads/dave-ide-4.4.2-64bit/dave-ide-4.4.2-64bit/eclipse/arm-gcc-49/bin/../lib/gcc/arm-none-eabi/4.9.3/../../../../arm-none-eabi/lib/armv6-m\libg_nano.a(lib_a-impure.o)
 .data          0x00000000        0x0 c:/users/follower/downloads/dave-ide-4.4.2-64bit/dave-ide-4.4.2-64bit/eclipse/arm-gcc-49/bin/../lib/gcc/arm-none-eabi/4.9.3/../../../../arm-none-eabi/lib/armv6-m\libg_nano.a(lib_a-impure.o)
 .bss           0x00000000        0x0 c:/users/follower/downloads/dave-ide-4.4.2-64bit/dave-ide-4.4.2-64bit/eclipse/arm-gcc-49/bin/../lib/gcc/arm-none-eabi/4.9.3/../../../../arm-none-eabi/lib/armv6-m\libg_nano.a(lib_a-impure.o)
 .data.impure_data
                0x00000000       0x60 c:/users/follower/downloads/dave-ide-4.4.2-64bit/dave-ide-4.4.2-64bit/eclipse/arm-gcc-49/bin/../lib/gcc/arm-none-eabi/4.9.3/../../../../arm-none-eabi/lib/armv6-m\libg_nano.a(lib_a-impure.o)
 .data._impure_ptr
                0x00000000        0x4 c:/users/follower/downloads/dave-ide-4.4.2-64bit/dave-ide-4.4.2-64bit/eclipse/arm-gcc-49/bin/../lib/gcc/arm-none-eabi/4.9.3/../../../../arm-none-eabi/lib/armv6-m\libg_nano.a(lib_a-impure.o)
 .rodata.str1.1
                0x00000000        0x2 c:/users/follower/downloads/dave-ide-4.4.2-64bit/dave-ide-4.4.2-64bit/eclipse/arm-gcc-49/bin/../lib/gcc/arm-none-eabi/4.9.3/../../../../arm-none-eabi/lib/armv6-m\libg_nano.a(lib_a-impure.o)
 .rodata._global_impure_ptr
                0x00000000        0x4 c:/users/follower/downloads/dave-ide-4.4.2-64bit/dave-ide-4.4.2-64bit/eclipse/arm-gcc-49/bin/../lib/gcc/arm-none-eabi/4.9.3/../../../../arm-none-eabi/lib/armv6-m\libg_nano.a(lib_a-impure.o)
 .ARM.attributes
                0x00000000       0x2c c:/users/follower/downloads/dave-ide-4.4.2-64bit/dave-ide-4.4.2-64bit/eclipse/arm-gcc-49/bin/../lib/gcc/arm-none-eabi/4.9.3/../../../../arm-none-eabi/lib/armv6-m\libg_nano.a(lib_a-impure.o)
 .text          0x00000000        0x0 c:/users/follower/downloads/dave-ide-4.4.2-64bit/dave-ide-4.4.2-64bit/eclipse/arm-gcc-49/bin/../lib/gcc/arm-none-eabi/4.9.3/../../../../arm-none-eabi/lib/armv6-m\libg_nano.a(lib_a-init.o)
 .data          0x00000000        0x0 c:/users/follower/downloads/dave-ide-4.4.2-64bit/dave-ide-4.4.2-64bit/eclipse/arm-gcc-49/bin/../lib/gcc/arm-none-eabi/4.9.3/../../../../arm-none-eabi/lib/armv6-m\libg_nano.a(lib_a-init.o)
 .bss           0x00000000        0x0 c:/users/follower/downloads/dave-ide-4.4.2-64bit/dave-ide-4.4.2-64bit/eclipse/arm-gcc-49/bin/../lib/gcc/arm-none-eabi/4.9.3/../../../../arm-none-eabi/lib/armv6-m\libg_nano.a(lib_a-init.o)

Memory Configuration

Name             Origin             Length             Attributes
FLASH            0x10001000         0x00010000         xr
SRAM             0x20000000         0x00004000         !xr
*default*        0x00000000         0xffffffff

Linker script and memory map

LOAD ./Startup/startup_XMC1100.o
LOAD ./Startup/system_XMC1100.o
LOAD ./Libraries/XMCLib/src/xmc1_eru.o
LOAD ./Libraries/XMCLib/src/xmc1_flash.o
LOAD ./Libraries/XMCLib/src/xmc1_gpio.o
LOAD ./Libraries/XMCLib/src/xmc1_rtc.o
LOAD ./Libraries/XMCLib/src/xmc1_scu.o
LOAD ./Libraries/XMCLib/src/xmc_acmp.o
LOAD ./Libraries/XMCLib/src/xmc_bccu.o
LOAD ./Libraries/XMCLib/src/xmc_can.o
LOAD ./Libraries/XMCLib/src/xmc_ccu4.o
LOAD ./Libraries/XMCLib/src/xmc_ccu8.o
LOAD ./Libraries/XMCLib/src/xmc_common.o
LOAD ./Libraries/XMCLib/src/xmc_eru.o
LOAD ./Libraries/XMCLib/src/xmc_gpio.o
LOAD ./Libraries/XMCLib/src/xmc_i2c.o
LOAD ./Libraries/XMCLib/src/xmc_i2s.o
LOAD ./Libraries/XMCLib/src/xmc_ledts.o
LOAD ./Libraries/XMCLib/src/xmc_math.o
LOAD ./Libraries/XMCLib/src/xmc_pau.o
LOAD ./Libraries/XMCLib/src/xmc_posif.o
LOAD ./Libraries/XMCLib/src/xmc_prng.o
LOAD ./Libraries/XMCLib/src/xmc_rtc.o
LOAD ./Libraries/XMCLib/src/xmc_spi.o
LOAD ./Libraries/XMCLib/src/xmc_uart.o
LOAD ./Libraries/XMCLib/src/xmc_usic.o
LOAD ./Libraries/XMCLib/src/xmc_vadc.o
LOAD ./Libraries/XMCLib/src/xmc_wdt.o
LOAD ./Libraries/Newlib/syscalls.o
LOAD ./HardwareController.o
LOAD ./XMC1100-LibHaas.o
LOAD ./main.o
LOAD c:/users/follower/downloads/dave-ide-4.4.2-64bit/dave-ide-4.4.2-64bit/eclipse/arm-gcc-49/bin/../lib/gcc/arm-none-eabi/4.9.3/../../../../arm-none-eabi/lib/armv6-m\libm.a
START GROUP
LOAD c:/users/follower/downloads/dave-ide-4.4.2-64bit/dave-ide-4.4.2-64bit/eclipse/arm-gcc-49/bin/../lib/gcc/arm-none-eabi/4.9.3/armv6-m\libgcc.a
LOAD c:/users/follower/downloads/dave-ide-4.4.2-64bit/dave-ide-4.4.2-64bit/eclipse/arm-gcc-49/bin/../lib/gcc/arm-none-eabi/4.9.3/../../../../arm-none-eabi/lib/armv6-m\libg_nano.a
LOAD c:/users/follower/downloads/dave-ide-4.4.2-64bit/dave-ide-4.4.2-64bit/eclipse/arm-gcc-49/bin/../lib/gcc/arm-none-eabi/4.9.3/../../../../arm-none-eabi/lib/armv6-m\libc_nano.a
END GROUP
START GROUP
LOAD c:/users/follower/downloads/dave-ide-4.4.2-64bit/dave-ide-4.4.2-64bit/eclipse/arm-gcc-49/bin/../lib/gcc/arm-none-eabi/4.9.3/armv6-m\libgcc.a
LOAD c:/users/follower/downloads/dave-ide-4.4.2-64bit/dave-ide-4.4.2-64bit/eclipse/arm-gcc-49/bin/../lib/gcc/arm-none-eabi/4.9.3/../../../../arm-none-eabi/lib/armv6-m\libc_nano.a
LOAD c:/users/follower/downloads/dave-ide-4.4.2-64bit/dave-ide-4.4.2-64bit/eclipse/arm-gcc-49/bin/../lib/gcc/arm-none-eabi/4.9.3/../../../../arm-none-eabi/lib/armv6-m\libnosys.a
END GROUP
START GROUP
LOAD c:/users/follower/downloads/dave-ide-4.4.2-64bit/dave-ide-4.4.2-64bit/eclipse/arm-gcc-49/bin/../lib/gcc/arm-none-eabi/4.9.3/armv6-m\libgcc.a
LOAD c:/users/follower/downloads/dave-ide-4.4.2-64bit/dave-ide-4.4.2-64bit/eclipse/arm-gcc-49/bin/../lib/gcc/arm-none-eabi/4.9.3/../../../../arm-none-eabi/lib/armv6-m\libc_nano.a
LOAD c:/users/follower/downloads/dave-ide-4.4.2-64bit/dave-ide-4.4.2-64bit/eclipse/arm-gcc-49/bin/../lib/gcc/arm-none-eabi/4.9.3/../../../../arm-none-eabi/lib/armv6-m\libnosys.a
END GROUP
                0x00000400                stack_size = DEFINED (stack_size)?stack_size:0x400
                0x00000004                no_init_size = 0x4

.text           0x10001000     0x23b8
                0x10001000                sText = .
 *(.reset)
 .reset         0x10001000       0x9c ./Startup/startup_XMC1100.o
                0x10001000                __Vectors
                0x10001018                Reset_Handler
                0x10001098                USIC0_5_IRQHandler
                0x10001098                HardFault_Handler
                0x10001098                SysTick_Handler
                0x10001098                PendSV_Handler
                0x10001098                VADC0_C0_0_IRQHandler
                0x10001098                SCU_0_IRQHandler
                0x10001098                ERU0_0_IRQHandler
                0x10001098                ERU0_2_IRQHandler
                0x10001098                ERU0_3_IRQHandler
                0x10001098                CCU40_2_IRQHandler
                0x10001098                CCU40_0_IRQHandler
                0x10001098                VADC0_C0_1_IRQHandler
                0x10001098                SVC_Handler
                0x10001098                USIC0_3_IRQHandler
                0x10001098                CCU40_1_IRQHandler
                0x10001098                SCU_2_IRQHandler
                0x10001098                CCU40_3_IRQHandler
                0x10001098                USIC0_4_IRQHandler
                0x10001098                SCU_1_IRQHandler
                0x10001098                ERU0_1_IRQHandler
                0x10001098                USIC0_2_IRQHandler
                0x10001098                Default_handler
 *(.text .text.* .gnu.linkonce.t.*)
 .text.SystemInit
                0x1000109c       0x10 ./Startup/system_XMC1100.o
                0x1000109c                SystemInit
 .text.SystemCoreSetup
                0x100010ac       0x34 ./Startup/system_XMC1100.o
                0x100010ac                SystemCoreSetup
 .text.SystemCoreClockSetup
                0x100010e0       0x38 ./Startup/system_XMC1100.o
                0x100010e0                SystemCoreClockSetup
 .text.SystemCoreClockUpdate
                0x10001118       0x68 ./Startup/system_XMC1100.o
                0x10001118                SystemCoreClockUpdate
 .text._init    0x10001180        0x8 ./Libraries/Newlib/syscalls.o
                0x10001180                _init
 .text.init     0x10001188       0xe8 ./HardwareController.o
                0x10001188                init
 .text.laser    0x10001270       0x2c ./HardwareController.o
                0x10001270                laser
 .text.LEDStripes
                0x1000129c       0x2c ./HardwareController.o
                0x1000129c                LEDStripes
 .text.redLED   0x100012c8       0x2c ./HardwareController.o
                0x100012c8                redLED
 .text.greenLED
                0x100012f4       0x2c ./HardwareController.o
                0x100012f4                greenLED
 .text.productionLine
                0x10001320       0x48 ./HardwareController.o
                0x10001320                productionLine
 .text.lightBarrier1
                0x10001368       0x58 ./HardwareController.o
                0x10001368                lightBarrier1
 .text.lightBarrier2
                0x100013c0       0x58 ./HardwareController.o
                0x100013c0                lightBarrier2
 .text.lightBarrier3
                0x10001418       0x58 ./HardwareController.o
                0x10001418                lightBarrier3
 .text.pneumatics1
                0x10001470       0x2c ./HardwareController.o
                0x10001470                pneumatics1
 .text.pneumatics2
                0x1000149c       0x2c ./HardwareController.o
                0x1000149c                pneumatics2
 .text.readButton1
                0x100014c8       0x1c ./HardwareController.o
                0x100014c8                readButton1
 .text.readButton2
                0x100014e4       0x1c ./HardwareController.o
                0x100014e4                readButton2
 .text.readInductivSensor1
                0x10001500       0x14 ./HardwareController.o
                0x10001500                readInductivSensor1
 .text.readInductivSensor2
                0x10001514       0x14 ./HardwareController.o
                0x10001514                readInductivSensor2
 .text.slider   0x10001528       0x40 ./HardwareController.o
                0x10001528                slider
 .text.__NVIC_EnableIRQ
                0x10001568       0x34 ./XMC1100-LibHaas.o
 .text.bit_init
                0x1000159c      0x380 ./XMC1100-LibHaas.o
                0x1000159c                bit_init
 .text.bit_init_mode
                0x1000191c      0xb7c ./XMC1100-LibHaas.o
                0x1000191c                bit_init_mode
 .text.bit_read
                0x10002498       0x44 ./XMC1100-LibHaas.o
                0x10002498                bit_read
 .text.bit_write
                0x100024dc      0x11c ./XMC1100-LibHaas.o
                0x100024dc                bit_write
 .text.port_read
                0x100025f8       0x68 ./XMC1100-LibHaas.o
                0x100025f8                port_read
 .text.clock_init
                0x10002660       0x6c ./XMC1100-LibHaas.o
                0x10002660                clock_init
 .text.pwm1_init
                0x100026cc       0x60 ./XMC1100-LibHaas.o
                0x100026cc                pwm1_init
 .text.pwm1_duty_cycle
                0x1000272c       0x30 ./XMC1100-LibHaas.o
                0x1000272c                pwm1_duty_cycle
 .text.pwm1_start
                0x1000275c       0x14 ./XMC1100-LibHaas.o
                0x1000275c                pwm1_start
 .text.delay_100us
                0x10002770       0x50 ./XMC1100-LibHaas.o
                0x10002770                delay_100us
 .text.delay_ms
                0x100027c0       0x44 ./XMC1100-LibHaas.o
                0x100027c0                delay_ms
 .text.rs232_init
                0x10002804      0x198 ./XMC1100-LibHaas.o
                0x10002804                rs232_init
 .text.rs232_interrupt_enable
                0x1000299c       0x40 ./XMC1100-LibHaas.o
                0x1000299c                rs232_interrupt_enable
 .text.rs232_put
                0x100029dc       0x34 ./XMC1100-LibHaas.o
                0x100029dc                rs232_put
 .text.rs232_print
                0x10002a10       0x28 ./XMC1100-LibHaas.o
                0x10002a10                rs232_print
 .text.USIC0_0_IRQHandler
                0x10002a38       0x5c ./XMC1100-LibHaas.o
                0x10002a38                USIC0_0_IRQHandler
 .text.uart_init
                0x10002a94      0x22c ./XMC1100-LibHaas.o
                0x10002a94                uart_init
 .text.uart_interrupt_enable
                0x10002cc0       0x58 ./XMC1100-LibHaas.o
                0x10002cc0                uart_interrupt_enable
 .text.uart_put
                0x10002d18       0x34 ./XMC1100-LibHaas.o
                0x10002d18                uart_put
 .text.uart_print
                0x10002d4c       0x28 ./XMC1100-LibHaas.o
                0x10002d4c                uart_print
 .text.USIC0_1_IRQHandler
                0x10002d74       0x5c ./XMC1100-LibHaas.o
                0x10002d74                USIC0_1_IRQHandler
 .text.uart_clear_receivedata
                0x10002dd0       0x1c ./XMC1100-LibHaas.o
                0x10002dd0                uart_clear_receivedata
 .text.uart_select_channel
                0x10002dec       0x98 ./XMC1100-LibHaas.o
                0x10002dec                uart_select_channel
 .text.__NVIC_SystemReset
                0x10002e84       0x20 ./main.o
 .text.main     0x10002ea4       0xd4 ./main.o
                0x10002ea4                main
 .text.handleNewObject
                0x10002f78       0xd4 ./main.o
                0x10002f78                handleNewObject
 .text.sortObject
                0x1000304c       0xa4 ./main.o
                0x1000304c                sortObject
 .text.test     0x100030f0      0x13c ./main.o
                0x100030f0                test
 .text          0x1000322c      0x120 c:/users/follower/downloads/dave-ide-4.4.2-64bit/dave-ide-4.4.2-64bit/eclipse/arm-gcc-49/bin/../lib/gcc/arm-none-eabi/4.9.3/armv6-m\libgcc.a(_udivsi3.o)
                0x1000322c                __aeabi_uidiv
                0x1000322c                __udivsi3
                0x10003338                __aeabi_uidivmod
 .text          0x1000334c        0x4 c:/users/follower/downloads/dave-ide-4.4.2-64bit/dave-ide-4.4.2-64bit/eclipse/arm-gcc-49/bin/../lib/gcc/arm-none-eabi/4.9.3/armv6-m\libgcc.a(_dvmd_tls.o)
                0x1000334c                __aeabi_idiv0
                0x1000334c                __aeabi_ldiv0
 .text.__libc_init_array
                0x10003350       0x4c c:/users/follower/downloads/dave-ide-4.4.2-64bit/dave-ide-4.4.2-64bit/eclipse/arm-gcc-49/bin/../lib/gcc/arm-none-eabi/4.9.3/../../../../arm-none-eabi/lib/armv6-m\libg_nano.a(lib_a-init.o)
                0x10003350                __libc_init_array
 *(.init)
 *(.fini)
 *crtbegin.o(.ctors)
 *crtbegin?.o(.ctors)
 *(EXCLUDE_FILE(*crtend.o *crtend?.o) .ctors)
 *(SORT(.ctors.*))
 *(.ctors)
 *crtbegin.o(.dtors)
 *crtbegin?.o(.dtors)
 *(EXCLUDE_FILE(*crtend.o *crtend?.o) .dtors)
 *(SORT(.dtors.*))
 *(.dtors)
 *(.rodata .rodata.*)
 .rodata        0x1000339c       0x1c ./main.o
 *(.gnu.linkonce.r*)
 *(vtable)
                0x100033b8                . = ALIGN (0x4)

.glue_7         0x100033b8        0x0
 .glue_7        0x00000000        0x0 linker stubs

.glue_7t        0x100033b8        0x0
 .glue_7t       0x00000000        0x0 linker stubs

.vfp11_veneer   0x100033b8        0x0
 .vfp11_veneer  0x00000000        0x0 linker stubs

.v4_bx          0x100033b8        0x0
 .v4_bx         0x00000000        0x0 linker stubs

.iplt           0x100033b8        0x0
 .iplt          0x00000000        0x0 ./Startup/startup_XMC1100.o

.eh_frame_hdr
 *(.eh_frame_hdr)

.eh_frame
 *(.eh_frame)

.ARM.extab
 *(.ARM.extab* .gnu.linkonce.armextab.*)
                0x100033b8                . = ALIGN (0x4)
                0x100033b8                __exidx_start = .

.ARM.exidx
 *(.ARM.exidx* .gnu.linkonce.armexidx.*)
                0x100033b8                __exidx_end = .
                0x100033b8                . = ALIGN (0x4)

.VENEER_Code    0x2000000c      0x110 load address 0x100033b8
                0x2000000c                . = ALIGN (0x4)
                0x2000000c                VeneerStart = .
 *(.XmcVeneerCode)
 .XmcVeneerCode
                0x2000000c      0x110 ./Startup/startup_XMC1100.o
                0x2000000c                HardFault_Veneer
                0x2000002c                SVC_Veneer
                0x20000038                PendSV_Veneer
                0x2000003c                SysTick_Veneer
                0x20000040                SCU_0_Veneer
                0x20000044                SCU_1_Veneer
                0x20000048                SCU_2_Veneer
                0x2000004c                SCU_3_Veneer
                0x20000050                SCU_4_Veneer
                0x20000054                SCU_5_Veneer
                0x20000058                SCU_6_Veneer
                0x20000064                USIC0_0_Veneer
                0x20000068                USIC0_1_Veneer
                0x2000006c                USIC0_2_Veneer
                0x20000070                USIC0_3_Veneer
                0x20000074                USIC0_4_Veneer
                0x20000078                USIC0_5_Veneer
                0x2000007c                VADC0_C0_0_Veneer
                0x20000080                VADC0_C0_1_Veneer
                0x20000094                CCU40_0_Veneer
                0x20000098                CCU40_1_Veneer
                0x2000009c                CCU40_2_Veneer
                0x200000a0                CCU40_3_Veneer
                0x2000011c                . = ALIGN (0x4)
                0x2000011c                VeneerEnd = .
                0x100033b8                eROData = LOADADDR (.VENEER_Code)
                0x00000110                VeneerSize = (ABSOLUTE (VeneerEnd) - ABSOLUTE (VeneerStart))

.rel.dyn        0x2000011c        0x0 load address 0x100034c8
 .rel.iplt      0x00000000        0x0 ./Startup/startup_XMC1100.o

Stack           0x2000011c      0x404 load address 0x00000000
                0x20000120                . = ALIGN (0x8)
 *fill*         0x2000011c        0x4 
                0x20000520                . = (. + stack_size)
 *fill*         0x20000120      0x400 
                0x20000520                __initial_sp = .

.data           0x20000520        0x0 load address 0x100034c8
                0x20000520                . = ALIGN (0x4)
                0x20000520                __data_start = .
 *(.data)
 *(.data*)
 *(*.data)
 *(.gnu.linkonce.d*)
                0x20000520                . = ALIGN (0x4)
                0x20000520                PROVIDE (__preinit_array_start, .)
 *(.preinit_array)
                0x20000520                PROVIDE (__preinit_array_end, .)
                0x20000520                . = ALIGN (0x4)
                0x20000520                PROVIDE (__init_array_start, .)
 *(SORT(.init_array.*))
 *(.init_array)
                0x20000520                PROVIDE (__init_array_end, .)
                0x20000520                . = ALIGN (0x4)
                0x20000520                PROVIDE (__fini_array_start, .)
 *(SORT(.fini_array.*))
 *(.fini_array)
                0x20000520                PROVIDE (__fini_array_end, .)
                0x20000520                . = ALIGN (0x4)
                0x20000520                __data_end = .
                0x100034c8                DataLoadAddr = LOADADDR (.data)
                0x00000000                __data_size = (__data_end - __data_start)

.igot.plt       0x20000520        0x0 load address 0x100034c8
 .igot.plt      0x00000000        0x0 ./Startup/startup_XMC1100.o

.ram_code       0x20000520        0x0 load address 0x100034c8
                0x20000520                . = ALIGN (0x4)
                0x20000520                __ram_code_start = .
 *(.ram_code)
                0x20000520                . = ALIGN (0x4)
                0x20000520                __ram_code_end = .
                0x100034c8                __ram_code_load = LOADADDR (.ram_code)
                0x00000000                __ram_code_size = (__ram_code_end - __ram_code_start)
                0x000024c8                __text_size = ((((__exidx_end - sText) + VeneerSize) + __data_size) + __ram_code_size)
                0x100034c8                eText = (sText + __text_size)

.bss            0x20000520      0x3a8 load address 0x100034c8
                0x20000520                . = ALIGN (0x4)
                0x20000520                __bss_start = .
 *(.bss)
 *(.bss*)
 .bss.IDIV.4730
                0x20000520        0x4 ./Startup/system_XMC1100.o
 .bss.FDIV.4731
                0x20000524        0x4 ./Startup/system_XMC1100.o
 .bss.rs232ReceivedataPointer
                0x20000528        0x1 ./XMC1100-LibHaas.o
                0x20000528                rs232ReceivedataPointer
 .bss.rs232EnterReceive
                0x20000529        0x1 ./XMC1100-LibHaas.o
                0x20000529                rs232EnterReceive
 .bss.uartReceivedataPointer
                0x2000052a        0x1 ./XMC1100-LibHaas.o
                0x2000052a                uartReceivedataPointer
 .bss.uartEnterReceive
                0x2000052b        0x1 ./XMC1100-LibHaas.o
                0x2000052b                uartEnterReceive
 .bss.numObjects
                0x2000052c        0x4 ./main.o
                0x2000052c                numObjects
 .bss.handleObjectMovingAway
                0x20000530        0x4 ./main.o
                0x20000530                handleObjectMovingAway
 .bss.sortObjectMovingAway
                0x20000534        0x4 ./main.o
                0x20000534                sortObjectMovingAway
 *(COMMON)
 COMMON         0x20000538      0x200 ./XMC1100-LibHaas.o
                0x20000538                uartReceivedata
                0x20000638                rs232Receivedata
 COMMON         0x20000738      0x190 ./main.o
                0x20000738                nextObjects
 *(.gnu.linkonce.b*)
                0x200008c8                . = ALIGN (0x4)
                0x200008c8                __bss_end = .
                0x200008c8                . = ALIGN (0x8)
                0x200008c8                Heap_Bank1_Start = .
                0x000003a8                __bss_size = (__bss_end - __bss_start)

.no_init        0x20003ffc        0x4 load address 0x00003ee0
                0x20003ffc                Heap_Bank1_End = .
 *(.no_init)
 .no_init       0x20003ffc        0x4 ./Startup/system_XMC1100.o
                0x20003ffc                SystemCoreClock
                0x00003734                Heap_Bank1_Size = (Heap_Bank1_End - Heap_Bank1_Start)
                0x00000001                ASSERT ((Heap_Bank1_Start <= Heap_Bank1_End), region SRAM overflowed no_init section)

/DISCARD/
 *(.comment)

.stab
 *(.stab)

.stabstr
 *(.stabstr)

.debug
 *(.debug)

.line
 *(.line)

.debug_srcinfo
 *(.debug_srcinfo)

.debug_sfnames
 *(.debug_sfnames)

.debug_aranges  0x00000000      0x5f8
 *(.debug_aranges)
 .debug_aranges
                0x00000000       0x28 ./Startup/startup_XMC1100.o
 .debug_aranges
                0x00000028       0x38 ./Startup/system_XMC1100.o
 .debug_aranges
                0x00000060       0x28 ./Libraries/Newlib/syscalls.o
 .debug_aranges
                0x00000088       0x98 ./HardwareController.o
 .debug_aranges
                0x00000120      0x498 ./XMC1100-LibHaas.o
 .debug_aranges
                0x000005b8       0x40 ./main.o

.debug_pubnames
 *(.debug_pubnames)

.debug_pubtypes
 *(.debug_pubtypes)

.debug_info     0x00000000     0x3959
 *(.debug_info .gnu.linkonce.wi.*)
 .debug_info    0x00000000       0x6b ./Startup/startup_XMC1100.o
 .debug_info    0x0000006b      0x38b ./Startup/system_XMC1100.o
 .debug_info    0x000003f6      0x11f ./Libraries/Newlib/syscalls.o
 .debug_info    0x00000515      0x322 ./HardwareController.o
 .debug_info    0x00000837     0x2e6d ./XMC1100-LibHaas.o
 .debug_info    0x000036a4      0x2b5 ./main.o

.debug_abbrev   0x00000000      0x70c
 *(.debug_abbrev)
 .debug_abbrev  0x00000000       0x12 ./Startup/startup_XMC1100.o
 .debug_abbrev  0x00000012       0xfb ./Startup/system_XMC1100.o
 .debug_abbrev  0x0000010d       0xbd ./Libraries/Newlib/syscalls.o
 .debug_abbrev  0x000001ca       0xe2 ./HardwareController.o
 .debug_abbrev  0x000002ac      0x2ee ./XMC1100-LibHaas.o
 .debug_abbrev  0x0000059a      0x172 ./main.o

.debug_line     0x00000000     0x1d15
 *(.debug_line)
 .debug_line    0x00000000       0xe6 ./Startup/startup_XMC1100.o
 .debug_line    0x000000e6      0x1fc ./Startup/system_XMC1100.o
 .debug_line    0x000002e2       0xe8 ./Libraries/Newlib/syscalls.o
 .debug_line    0x000003ca      0x1e9 ./HardwareController.o
 .debug_line    0x000005b3     0x149c ./XMC1100-LibHaas.o
 .debug_line    0x00001a4f      0x2c6 ./main.o

.debug_frame    0x00000000     0x152c
 *(.debug_frame)
 .debug_frame   0x00000000       0x80 ./Startup/system_XMC1100.o
 .debug_frame   0x00000080       0x4c ./Libraries/Newlib/syscalls.o
 .debug_frame   0x000000cc      0x1fc ./HardwareController.o
 .debug_frame   0x000002c8     0x1174 ./XMC1100-LibHaas.o
 .debug_frame   0x0000143c       0xa4 ./main.o
 .debug_frame   0x000014e0       0x20 c:/users/follower/downloads/dave-ide-4.4.2-64bit/dave-ide-4.4.2-64bit/eclipse/arm-gcc-49/bin/../lib/gcc/arm-none-eabi/4.9.3/armv6-m\libgcc.a(_udivsi3.o)
 .debug_frame   0x00001500       0x2c c:/users/follower/downloads/dave-ide-4.4.2-64bit/dave-ide-4.4.2-64bit/eclipse/arm-gcc-49/bin/../lib/gcc/arm-none-eabi/4.9.3/../../../../arm-none-eabi/lib/armv6-m\libg_nano.a(lib_a-init.o)

.debug_str      0x00000000     0x1422
 *(.debug_str)
 .debug_str     0x00000000      0x2a8 ./Startup/system_XMC1100.o
                                0x2ee (size before relaxing)
 .debug_str     0x000002a8       0x6f ./Libraries/Newlib/syscalls.o
                                0x1e5 (size before relaxing)
 .debug_str     0x00000317      0x106 ./HardwareController.o
                                0x276 (size before relaxing)
 .debug_str     0x0000041d      0xf80 ./XMC1100-LibHaas.o
                               0x1228 (size before relaxing)
 .debug_str     0x0000139d       0x85 ./main.o
                                0x27e (size before relaxing)

.debug_loc      0x00000000     0x21f0
 *(.debug_loc)
 .debug_loc     0x00000000       0xb0 ./Startup/system_XMC1100.o
 .debug_loc     0x000000b0       0x64 ./Libraries/Newlib/syscalls.o
 .debug_loc     0x00000114      0x344 ./HardwareController.o
 .debug_loc     0x00000458     0x1ca4 ./XMC1100-LibHaas.o
 .debug_loc     0x000020fc       0xf4 ./main.o

.debug_macinfo
 *(.debug_macinfo)

.debug_ranges   0x00000000      0x5a0
 *(.debug_ranges)
 .debug_ranges  0x00000000       0x20 ./Startup/startup_XMC1100.o
 .debug_ranges  0x00000020       0x28 ./Startup/system_XMC1100.o
 .debug_ranges  0x00000048       0x18 ./Libraries/Newlib/syscalls.o
 .debug_ranges  0x00000060       0x88 ./HardwareController.o
 .debug_ranges  0x000000e8      0x488 ./XMC1100-LibHaas.o
 .debug_ranges  0x00000570       0x30 ./main.o

.debug_weaknames
 *(.debug_weaknames)

.debug_funcnames
 *(.debug_funcnames)

.debug_typenames
 *(.debug_typenames)

.debug_varnames
 *(.debug_varnames)

.build_attributes
                0x00000000      0x17e
 *(.ARM.attributes)
 .ARM.attributes
                0x00000000       0x21 ./Startup/startup_XMC1100.o
 .ARM.attributes
                0x00000021       0x31 ./Startup/system_XMC1100.o
 .ARM.attributes
                0x00000052       0x31 ./Libraries/Newlib/syscalls.o
 .ARM.attributes
                0x00000083       0x31 ./HardwareController.o
 .ARM.attributes
                0x000000b4       0x31 ./XMC1100-LibHaas.o
 .ARM.attributes
                0x000000e5       0x31 ./main.o
 .ARM.attributes
                0x00000116       0x1e c:/users/follower/downloads/dave-ide-4.4.2-64bit/dave-ide-4.4.2-64bit/eclipse/arm-gcc-49/bin/../lib/gcc/arm-none-eabi/4.9.3/armv6-m\libgcc.a(_udivsi3.o)
 .ARM.attributes
                0x00000134       0x1e c:/users/follower/downloads/dave-ide-4.4.2-64bit/dave-ide-4.4.2-64bit/eclipse/arm-gcc-49/bin/../lib/gcc/arm-none-eabi/4.9.3/armv6-m\libgcc.a(_dvmd_tls.o)
 .ARM.attributes
                0x00000152       0x2c c:/users/follower/downloads/dave-ide-4.4.2-64bit/dave-ide-4.4.2-64bit/eclipse/arm-gcc-49/bin/../lib/gcc/arm-none-eabi/4.9.3/../../../../arm-none-eabi/lib/armv6-m\libg_nano.a(lib_a-init.o)
OUTPUT(JuFo.elf elf32-littlearm)
